Archive member included because of file (symbol)

c:/program files (x86)/atmel/atmel toolchain/avr8 gcc/native/3.4.1056/avr8-gnu-toolchain/bin/../lib/gcc/avr/4.8.1/../../../../avr/lib/avrxmega7\libm.a(addsf3.o)
                              src/ASF/common/services/sensors/drivers/akm/ak8975.o (__subsf3)
c:/program files (x86)/atmel/atmel toolchain/avr8 gcc/native/3.4.1056/avr8-gnu-toolchain/bin/../lib/gcc/avr/4.8.1/../../../../avr/lib/avrxmega7\libm.a(addsf3x.o)
                              c:/program files (x86)/atmel/atmel toolchain/avr8 gcc/native/3.4.1056/avr8-gnu-toolchain/bin/../lib/gcc/avr/4.8.1/../../../../avr/lib/avrxmega7\libm.a(addsf3.o) (__addsf3x)
c:/program files (x86)/atmel/atmel toolchain/avr8 gcc/native/3.4.1056/avr8-gnu-toolchain/bin/../lib/gcc/avr/4.8.1/../../../../avr/lib/avrxmega7\libm.a(asin.o)
                              src/ASF/common/services/sensors/physics/physics.o (asin)
c:/program files (x86)/atmel/atmel toolchain/avr8 gcc/native/3.4.1056/avr8-gnu-toolchain/bin/../lib/gcc/avr/4.8.1/../../../../avr/lib/avrxmega7\libm.a(atan2.o)
                              src/ASF/common/services/sensors/physics/physics.o (atan2)
c:/program files (x86)/atmel/atmel toolchain/avr8 gcc/native/3.4.1056/avr8-gnu-toolchain/bin/../lib/gcc/avr/4.8.1/../../../../avr/lib/avrxmega7\libm.a(atan.o)
                              c:/program files (x86)/atmel/atmel toolchain/avr8 gcc/native/3.4.1056/avr8-gnu-toolchain/bin/../lib/gcc/avr/4.8.1/../../../../avr/lib/avrxmega7\libm.a(atan2.o) (atan)
c:/program files (x86)/atmel/atmel toolchain/avr8 gcc/native/3.4.1056/avr8-gnu-toolchain/bin/../lib/gcc/avr/4.8.1/../../../../avr/lib/avrxmega7\libm.a(cmpsf2.o)
                              src/ASF/common/services/sensors/physics/physics.o (__eqsf2)
c:/program files (x86)/atmel/atmel toolchain/avr8 gcc/native/3.4.1056/avr8-gnu-toolchain/bin/../lib/gcc/avr/4.8.1/../../../../avr/lib/avrxmega7\libm.a(divsf3.o)
                              src/ASF/common/services/sensors/drivers/bosch/bmp.o (__divsf3)
c:/program files (x86)/atmel/atmel toolchain/avr8 gcc/native/3.4.1056/avr8-gnu-toolchain/bin/../lib/gcc/avr/4.8.1/../../../../avr/lib/avrxmega7\libm.a(divsf3x.o)
                              c:/program files (x86)/atmel/atmel toolchain/avr8 gcc/native/3.4.1056/avr8-gnu-toolchain/bin/../lib/gcc/avr/4.8.1/../../../../avr/lib/avrxmega7\libm.a(divsf3.o) (__divsf3x)
c:/program files (x86)/atmel/atmel toolchain/avr8 gcc/native/3.4.1056/avr8-gnu-toolchain/bin/../lib/gcc/avr/4.8.1/../../../../avr/lib/avrxmega7\libm.a(fixsfdi.o)
                              src/ASF/common/services/sensors/drivers/bosch/bmp.o (__fixunssfdi)
c:/program files (x86)/atmel/atmel toolchain/avr8 gcc/native/3.4.1056/avr8-gnu-toolchain/bin/../lib/gcc/avr/4.8.1/../../../../avr/lib/avrxmega7\libm.a(fixsfsi.o)
                              src/ASF/common/services/sensors/drivers/akm/ak8975.o (__fixsfsi)
c:/program files (x86)/atmel/atmel toolchain/avr8 gcc/native/3.4.1056/avr8-gnu-toolchain/bin/../lib/gcc/avr/4.8.1/../../../../avr/lib/avrxmega7\libm.a(fixunssfsi.o)
                              c:/program files (x86)/atmel/atmel toolchain/avr8 gcc/native/3.4.1056/avr8-gnu-toolchain/bin/../lib/gcc/avr/4.8.1/../../../../avr/lib/avrxmega7\libm.a(fixsfsi.o) (__fixunssfsi)
c:/program files (x86)/atmel/atmel toolchain/avr8 gcc/native/3.4.1056/avr8-gnu-toolchain/bin/../lib/gcc/avr/4.8.1/../../../../avr/lib/avrxmega7\libm.a(floatsisf.o)
                              src/ASF/common/services/sensors/drivers/akm/ak8975.o (__floatsisf)
c:/program files (x86)/atmel/atmel toolchain/avr8 gcc/native/3.4.1056/avr8-gnu-toolchain/bin/../lib/gcc/avr/4.8.1/../../../../avr/lib/avrxmega7\libm.a(floatundisf.o)
                              src/ASF/common/services/sensors/drivers/bosch/bmp.o (__floatundisf)
c:/program files (x86)/atmel/atmel toolchain/avr8 gcc/native/3.4.1056/avr8-gnu-toolchain/bin/../lib/gcc/avr/4.8.1/../../../../avr/lib/avrxmega7\libm.a(fp_arccos.o)
                              c:/program files (x86)/atmel/atmel toolchain/avr8 gcc/native/3.4.1056/avr8-gnu-toolchain/bin/../lib/gcc/avr/4.8.1/../../../../avr/lib/avrxmega7\libm.a(asin.o) (__fp_arccos)
c:/program files (x86)/atmel/atmel toolchain/avr8 gcc/native/3.4.1056/avr8-gnu-toolchain/bin/../lib/gcc/avr/4.8.1/../../../../avr/lib/avrxmega7\libm.a(fp_cmp.o)
                              c:/program files (x86)/atmel/atmel toolchain/avr8 gcc/native/3.4.1056/avr8-gnu-toolchain/bin/../lib/gcc/avr/4.8.1/../../../../avr/lib/avrxmega7\libm.a(cmpsf2.o) (__fp_cmp)
c:/program files (x86)/atmel/atmel toolchain/avr8 gcc/native/3.4.1056/avr8-gnu-toolchain/bin/../lib/gcc/avr/4.8.1/../../../../avr/lib/avrxmega7\libm.a(fp_inf.o)
                              c:/program files (x86)/atmel/atmel toolchain/avr8 gcc/native/3.4.1056/avr8-gnu-toolchain/bin/../lib/gcc/avr/4.8.1/../../../../avr/lib/avrxmega7\libm.a(addsf3x.o) (__fp_inf)
[...]
Memory Configuration

Name             Origin             Length             Attributes
text             0x00000000         0x00100000         xr
data             0x00802000         0x0000ffa0         rw !x
eeprom           0x00810000         0x00010000         rw !x
fuse             0x00820000         0x00000400         rw !x
lock             0x00830000         0x00000400         rw !x
signature        0x00840000         0x00000400         rw !x
user_signatures  0x00850000         0x00000400         rw !x
*default*        0x00000000         0xffffffff

Linker script and memory map

LOAD c:/program files (x86)/atmel/atmel toolchain/avr8 gcc/native/3.4.1056/avr8-gnu-toolchain/bin/../lib/gcc/avr/4.8.1/../../../../avr/lib/avrxmega7/crtx128a1.o
LOAD src/ASF/common/boards/sensors_xplained/sensors_xplained.o
LOAD src/ASF/common/services/clock/xmega/sysclk.o
LOAD src/ASF/common/services/ioport/xmega/ioport_compat.o
LOAD src/ASF/common/services/sensors/drivers/akm/ak8975.o
LOAD src/ASF/common/services/sensors/drivers/bosch/bma020.o
LOAD src/ASF/common/services/sensors/drivers/bosch/bma150.o
LOAD src/ASF/common/services/sensors/drivers/bosch/bma180.o
LOAD src/ASF/common/services/sensors/drivers/bosch/bma220.o
LOAD src/ASF/common/services/sensors/drivers/bosch/bma222.o
LOAD src/ASF/common/services/sensors/drivers/bosch/bma250.o
LOAD src/ASF/common/services/sensors/drivers/bosch/bma_axis.inc.o
LOAD src/ASF/common/services/sensors/drivers/bosch/bmp.o
LOAD src/ASF/common/services/sensors/drivers/honeywell/hmc5883l.o
LOAD src/ASF/common/services/sensors/drivers/invensense/imu3000.o
LOAD src/ASF/common/services/sensors/drivers/invensense/itg3200.o
LOAD src/ASF/common/services/sensors/drivers/kionix/kxtf9.o
LOAD src/ASF/common/services/sensors/drivers/osram/sfh5712.o
LOAD src/ASF/common/services/sensors/drivers/osram/sfh7770.o
LOAD src/ASF/common/services/sensors/physics/physics.o
LOAD src/ASF/common/services/sensors/sensor.o
LOAD src/ASF/common/services/sensors/sensor_bus.o
LOAD src/ASF/common/services/sensors/sensor_nvram.o
LOAD src/ASF/common/services/sensors/sensor_platform.o
LOAD src/ASF/common/services/sleepmgr/xmega/sleepmgr.o
LOAD src/ASF/xmega/boards/xmega_a1_xplained/init.o
LOAD src/ASF/xmega/drivers/cpu/ccp.o
LOAD src/ASF/xmega/drivers/nvm/nvm.o
LOAD src/ASF/xmega/drivers/nvm/nvm_asm.o
LOAD src/ASF/xmega/drivers/rtc/rtc.o
LOAD src/ASF/xmega/drivers/twi/twim.o
LOAD src/ASF/xmega/drivers/twi/twis.o
LOAD src/ASF/xmega/drivers/usart/usart.o
LOAD src/usart_example.o
START GROUP
LOAD c:/program files (x86)/atmel/atmel toolchain/avr8 gcc/native/3.4.1056/avr8-gnu-toolchain/bin/../lib/gcc/avr/4.8.1/../../../../avr/lib/avrxmega7\libm.a
END GROUP
Address of section .BOOT set to 0x20000
LOAD c:/program files (x86)/atmel/atmel toolchain/avr8 gcc/native/3.4.1056/avr8-gnu-toolchain/bin/../lib/gcc/avr/4.8.1/../../../../avr/lib/avrxmega7\libprintf_flt.a
START GROUP
LOAD c:/program files (x86)/atmel/atmel toolchain/avr8 gcc/native/3.4.1056/avr8-gnu-toolchain/bin/../lib/gcc/avr/4.8.1/avrxmega7\libgcc.a
LOAD c:/program files (x86)/atmel/atmel toolchain/avr8 gcc/native/3.4.1056/avr8-gnu-toolchain/bin/../lib/gcc/avr/4.8.1/../../../../avr/lib/avrxmega7\libm.a
LOAD c:/program files (x86)/atmel/atmel toolchain/avr8 gcc/native/3.4.1056/avr8-gnu-toolchain/bin/../lib/gcc/avr/4.8.1/../../../../avr/lib/avrxmega7\libc.a
END GROUP

.hash
 *(.hash)

.dynsym
 *(.dynsym)

.dynstr
 *(.dynstr)

.gnu.version
 *(.gnu.version)

.gnu.version_d
 *(.gnu.version_d)

.gnu.version_r
 *(.gnu.version_r)

.rel.init
 *(.rel.init)

.rela.init
 *(.rela.init)

.rel.text
 *(.rel.text)
 *(.rel.text.*)
 *(.rel.gnu.linkonce.t*)

.rela.text
 *(.rela.text)
 *(.rela.text.*)
 *(.rela.gnu.linkonce.t*)

.rel.fini
 *(.rel.fini)

.rela.fini
 *(.rela.fini)

.rel.rodata
 *(.rel.rodata)
 *(.rel.rodata.*)
 *(.rel.gnu.linkonce.r*)

.rela.rodata
 *(.rela.rodata)
 *(.rela.rodata.*)
 *(.rela.gnu.linkonce.r*)

.rel.data
 *(.rel.data)
 *(.rel.data.*)
 *(.rel.gnu.linkonce.d*)

.rela.data
 *(.rela.data)
 *(.rela.data.*)
 *(.rela.gnu.linkonce.d*)

.rel.ctors
 *(.rel.ctors)

.rela.ctors
 *(.rela.ctors)

.rel.dtors
 *(.rel.dtors)

.rela.dtors
 *(.rela.dtors)

.rel.got
 *(.rel.got)

.rela.got
 *(.rela.got)

.rel.bss
 *(.rel.bss)

.rela.bss
 *(.rela.bss)

.rel.plt
 *(.rel.plt)

.rela.plt
 *(.rela.plt)

.text           0x00000000     0x2d94
 *(.vectors)
 .vectors       0x00000000      0x1f4 c:/program files (x86)/atmel/atmel toolchain/avr8 gcc/native/3.4.1056/avr8-gnu-toolchain/bin/../lib/gcc/avr/4.8.1/../../../../avr/lib/avrxmega7/crtx128a1.o
                0x00000000                __vector_default
                0x00000000                __vectors
 *(.vectors)
 *(.progmem.gcc*)
                0x000001f4                . = ALIGN (0x2)
                0x000001f4                __trampolines_start = .
 *(.trampolines)
 .trampolines   0x000001f4        0x0 linker stubs
 *(.trampolines*)
                0x000001f4                __trampolines_end = .
 *(.progmem*)
 .progmem.data  0x000001f4        0x8 c:/program files (x86)/atmel/atmel toolchain/avr8 gcc/native/3.4.1056/avr8-gnu-toolchain/bin/../lib/gcc/avr/4.8.1/../../../../avr/lib/avrxmega7\libprintf_flt.a(vfprintf_flt.o)
 .progmem.data  0x000001fc       0xfa c:/program files (x86)/atmel/atmel toolchain/avr8 gcc/native/3.4.1056/avr8-gnu-toolchain/bin/../lib/gcc/avr/4.8.1/../../../../avr/lib/avrxmega7\libc.a(ftoa_engine.o)
                0x000002f6                . = ALIGN (0x2)
 *(.jumptables)
 *(.jumptables*)
 *(.lowtext)
 *(.lowtext*)
                0x000002f6                __ctors_start = .
 *(.ctors)
                0x000002f6                __ctors_end = .
                0x000002f6                __dtors_start = .
 *(.dtors)
                0x000002f6                __dtors_end = .
 SORT(*)(.ctors)
 SORT(*)(.dtors)
 *(.init0)
 .init0         0x000002f6        0x0 c:/program files (x86)/atmel/atmel toolchain/avr8 gcc/native/3.4.1056/avr8-gnu-toolchain/bin/../lib/gcc/avr/4.8.1/../../../../avr/lib/avrxmega7/crtx128a1.o
                0x000002f6                __init
 *(.init0)
 *(.init1)
 *(.init1)
 *(.init2)
 .init2         0x000002f6       0x18 c:/program files (x86)/atmel/atmel toolchain/avr8 gcc/native/3.4.1056/avr8-gnu-toolchain/bin/../lib/gcc/avr/4.8.1/../../../../avr/lib/avrxmega7/crtx128a1.o
 *(.init2)
 *(.init3)
 *(.init3)
 *(.init4)
 .init4         0x0000030e       0x1c c:/program files (x86)/atmel/atmel toolchain/avr8 gcc/native/3.4.1056/avr8-gnu-toolchain/bin/../lib/gcc/avr/4.8.1/avrxmega7\libgcc.a(_copy_data.o)
                0x0000030e                __do_copy_data
 .init4         0x0000032a       0x10 c:/program files (x86)/atmel/atmel toolchain/avr8 gcc/native/3.4.1056/avr8-gnu-toolchain/bin/../lib/gcc/avr/4.8.1/avrxmega7\libgcc.a(_clear_bss.o)
                0x0000032a                __do_clear_bss
 *(.init4)
 *(.init5)
 *(.init5)
 *(.init6)
 *(.init6)
 *(.init7)
 *(.init7)
 *(.init8)
 *(.init8)
 *(.init9)
 .init9         0x0000033a        0x8 c:/program files (x86)/atmel/atmel toolchain/avr8 gcc/native/3.4.1056/avr8-gnu-toolchain/bin/../lib/gcc/avr/4.8.1/../../../../avr/lib/avrxmega7/crtx128a1.o
 *(.init9)
 *(.text)
 .text          0x00000342        0x2 c:/program files (x86)/atmel/atmel toolchain/avr8 gcc/native/3.4.1056/avr8-gnu-toolchain/bin/../lib/gcc/avr/4.8.1/../../../../avr/lib/avrxmega7/crtx128a1.o
                0x00000342                __vector_38
                0x00000342                __vector_22
                0x00000342                __vector_63
                0x00000342                __vector_28
                0x00000342                __vector_67
                0x00000342                __vector_1
                0x00000342                __vector_119
                0x00000342                __vector_32
                0x00000342                __vector_75
                0x00000342                __vector_71
                0x00000342                __vector_91
                0x00000342                __vector_34
                0x00000342                __vector_62
                0x00000342                __vector_77
                0x00000342                __vector_102
                0x00000342                __vector_24
                0x00000342                __vector_12
                0x00000342                __vector_55
                0x00000342                __vector_69
                0x00000342                __vector_81
                0x00000342                __vector_90
                0x00000342                __bad_interrupt
                0x00000342                __vector_122
                0x00000342                __vector_72
                0x00000342                __vector_114
                0x00000342                __vector_6
                0x00000342                __vector_110
                0x00000342                __vector_31
                0x00000342                __vector_92
                0x00000342                __vector_35
                0x00000342                __vector_78
                0x00000342                __vector_74
                0x00000342                __vector_117
                0x00000342                __vector_39
                0x00000342                __vector_3
                0x00000342                __vector_105
                0x00000342                __vector_98
                0x00000342                __vector_23
                0x00000342                __vector_68
                0x00000342                __vector_30
                0x00000342                __vector_73
                0x00000342                __vector_45
                0x00000342                __vector_25
                0x00000342                __vector_93
                0x00000342                __vector_61
                0x00000342                __vector_54
                0x00000342                __vector_99
                0x00000342                __vector_17
                0x00000342                __vector_19
                0x00000342                __vector_56
                0x00000342                __vector_7
                0x00000342                __vector_49
                0x00000342                __vector_123
                0x00000342                __vector_41
                0x00000342                __vector_86
                0x00000342                __vector_100
                0x00000342                __vector_101
                0x00000342                __vector_64
                0x00000342                __vector_88
                0x00000342                __vector_109
                0x00000342                __vector_43
                0x00000342                __vector_27
                0x00000342                __vector_5
                0x00000342                __vector_113
                0x00000342                __vector_33
                0x00000342                __vector_115
                0x00000342                __vector_47
                0x00000342                __vector_52
                0x00000342                __vector_37
                0x00000342                __vector_95
                0x00000342                __vector_103
                0x00000342                __vector_96
                0x00000342                __vector_89
                0x00000342                __vector_108
                0x00000342                __vector_4
                0x00000342                __vector_44
                0x00000342                __vector_82
                0x00000342                __vector_106
                0x00000342                __vector_118
                0x00000342                __vector_51
                0x00000342                __vector_9
                0x00000342                __vector_2
                0x00000342                __vector_21
                0x00000342                __vector_15
                0x00000342                __vector_66
                0x00000342                __vector_36
                0x00000342                __vector_79
                0x00000342                __vector_58
                0x00000342                __vector_70
                0x00000342                __vector_83
                0x00000342                __vector_29
                0x00000342                __vector_60
                0x00000342                __vector_121
                0x00000342                __vector_40
                0x00000342                __vector_85
                0x00000342                __vector_94
                0x00000342                __vector_8
                0x00000342                __vector_26
                0x00000342                __vector_48
                0x00000342                __vector_124
                0x00000342                __vector_116
                0x00000342                __vector_112
                0x00000342                __vector_111
                0x00000342                __vector_80
                0x00000342                __vector_14
                0x00000342                __vector_84
                0x00000342                __vector_57
                0x00000342                __vector_53
                0x00000342                __vector_50
                0x00000342                __vector_16
                0x00000342                __vector_59
                0x00000342                __vector_18
                0x00000342                __vector_97
                0x00000342                __vector_20
                0x00000342                __vector_42
                0x00000342                __vector_87
                0x00000342                __vector_65
                0x00000342                __vector_120
                0x00000344                . = ALIGN (0x2)
 *(.text.*)
 .text.__vector_104
                0x00000344       0xc2 src/ASF/common/boards/sensors_xplained/sensors_xplained.o
                0x00000344                __vector_104
 .text.sensor_board_init
                0x00000406       0x26 src/ASF/common/boards/sensors_xplained/sensors_xplained.o
                0x00000406                sensor_board_init
 .text.sysclk_init
                0x0000042c       0x8c src/ASF/common/services/clock/xmega/sysclk.o
                0x0000042c                sysclk_init
 .text.sysclk_enable_module
                0x000004b8       0x18 src/ASF/common/services/clock/xmega/sysclk.o
                0x000004b8                sysclk_enable_module
 .text.ioport_configure_port_pin
                0x000004d0       0x44 src/ASF/common/services/ioport/xmega/ioport_compat.o
                0x000004d0                ioport_configure_port_pin
 .text.__portable_avr_delay_cycles
                0x00000514       0x14 src/ASF/common/services/sensors/drivers/bosch/bmp.o
 .text.bus_get  0x00000528       0x22 src/ASF/common/services/sensors/drivers/bosch/bmp.o
 .text.bmp_get_cal_param
                0x0000054a      0x118 src/ASF/common/services/sensors/drivers/bosch/bmp.o
 .text.bmp_get_ut
                0x00000662       0x70 src/ASF/common/services/sensors/drivers/bosch/bmp.o
 .text.bmp_read
                0x000006d2      0x510 src/ASF/common/services/sensors/drivers/bosch/bmp.o
 .text.bmp_ioctl
                0x00000be2       0x8a src/ASF/common/services/sensors/drivers/bosch/bmp.o
 .text.bmp085_init
                0x00000c6c       0x54 src/ASF/common/services/sensors/drivers/bosch/bmp.o
                0x00000c6c                bmp085_init
 .text.sensor_attach
                0x00000cc0       0x66 src/ASF/common/services/sensors/sensor.o
                0x00000cc0                sensor_attach
 .text.sensor_read
                0x00000d26       0x46 src/ASF/common/services/sensors/sensor.o
                0x00000d26                sensor_read
 .text.sensor_device_id
                0x00000d6c       0x5c src/ASF/common/services/sensors/sensor.o
                0x00000d6c                sensor_device_id
 .text.sensor_set_state
                0x00000dc8       0x6c src/ASF/common/services/sensors/sensor.o
                0x00000dc8                sensor_set_state
 .text.bus_init
                0x00000e34      0x2ee src/ASF/common/services/sensors/sensor_bus.o
                0x00000e34                bus_init
 .text.bus_read
                0x00001122       0x7c src/ASF/common/services/sensors/sensor_bus.o
                0x00001122                bus_read
 .text.bus_write
                0x0000119e       0x7c src/ASF/common/services/sensors/sensor_bus.o
                0x0000119e                bus_write
 .text.__portable_avr_delay_cycles
                0x0000121a       0x14 src/ASF/common/services/sensors/sensor_platform.o
 .text.sensor_timestamp
                0x0000122e        0x8 src/ASF/common/services/sensors/sensor_platform.o
                0x0000122e                sensor_timestamp
 .text.sensor_find
                0x00001236       0x1e src/ASF/common/services/sensors/sensor_platform.o
                0x00001236                sensor_find
 .text.sensor_platform_init
                0x00001254       0x26 src/ASF/common/services/sensors/sensor_platform.o
                0x00001254                sensor_platform_init
 .text.ioport_configure_pin
                0x0000127a       0x24 src/ASF/xmega/boards/xmega_a1_xplained/init.o
 .text.board_init
                0x0000129e       0x92 src/ASF/xmega/boards/xmega_a1_xplained/init.o
                0x0000129e                board_init
 .text.ccp_write_io
                0x00001330        0xc src/ASF/xmega/drivers/cpu/ccp.o
                0x00001330                ccp_write_io
 .text.rtc_init
                0x0000133c       0x34 src/ASF/xmega/drivers/rtc/rtc.o
                0x0000133c                rtc_init
 .text.__vector_11
                0x00001370       0xf6 src/ASF/xmega/drivers/rtc/rtc.o
                0x00001370                __vector_11
 .text.twim_interrupt_handler
                0x00001466      0x122 src/ASF/xmega/drivers/twi/twim.o
 .text.__vector_13
                0x00001588       0x64 src/ASF/xmega/drivers/twi/twim.o
                0x00001588                __vector_13
 .text.__vector_76
                0x000015ec       0x64 src/ASF/xmega/drivers/twi/twim.o
                0x000015ec                __vector_76
 .text.__vector_46
                0x00001650       0x64 src/ASF/xmega/drivers/twi/twim.o
                0x00001650                __vector_46
 .text.__vector_107
                0x000016b4       0x64 src/ASF/xmega/drivers/twi/twim.o
                0x000016b4                __vector_107
 .text.twi_master_init
                0x00001718       0x2a src/ASF/xmega/drivers/twi/twim.o
                0x00001718                twi_master_init
 .text.twi_master_transfer
                0x00001742       0x92 src/ASF/xmega/drivers/twi/twim.o
                0x00001742                twi_master_transfer
 .text.sysclk_enable_peripheral_clock
                0x000017d4      0x1e8 src/ASF/xmega/drivers/usart/usart.o
 .text.usart_putchar
                0x000019bc       0x10 src/ASF/xmega/drivers/usart/usart.o
                0x000019bc                usart_putchar
 .text.usart_set_baudrate
                0x000019cc      0x1b2 src/ASF/xmega/drivers/usart/usart.o
                0x000019cc                usart_set_baudrate
 .text.usart_init_rs232
                0x00001b7e       0x58 src/ASF/xmega/drivers/usart/usart.o
                0x00001b7e                usart_init_rs232
 .text.__vector_10
                0x00001bd6      0x1cc src/usart_example.o
                0x00001bd6                __vector_10
 .text.startup.main
                0x00001da2      0x12a src/usart_example.o
                0x00001da2                main
 .text.avr-libc.fplib
                0x00001ecc        0x4 c:/program files (x86)/atmel/atmel toolchain/avr8 gcc/native/3.4.1056/avr8-gnu-toolchain/bin/../lib/gcc/avr/4.8.1/../../../../avr/lib/avrxmega7\libm.a(divsf3.o)
                0x00001ecc                __divsf3
 .text.avr-libc.fplib
                0x00001ed0       0xcc c:/program files (x86)/atmel/atmel toolchain/avr8 gcc/native/3.4.1056/avr8-gnu-toolchain/bin/../lib/gcc/avr/4.8.1/../../../../avr/lib/avrxmega7\libm.a(divsf3x.o)
                0x00001ee6                __divsf3x
                0x00001eea                __divsf3_pse
 .text.avr-libc.fplib
                0x00001f9c       0x74 c:/program files (x86)/atmel/atmel toolchain/avr8 gcc/native/3.4.1056/avr8-gnu-toolchain/bin/../lib/gcc/avr/4.8.1/../../../../avr/lib/avrxmega7\libm.a(fixsfdi.o)
                0x00001f9c                __fixsfdi
                0x00001fa6                __fixunssfdi
 .text.avr-libc.fplib
                0x00002010       0x7a c:/program files (x86)/atmel/atmel toolchain/avr8 gcc/native/3.4.1056/avr8-gnu-toolchain/bin/../lib/gcc/avr/4.8.1/../../../../avr/lib/avrxmega7\libm.a(floatsisf.o)
                0x00002010                __floatunsisf
                0x00002014                __floatsisf
 .text.avr-libc.fplib
                0x0000208a       0x7c c:/program files (x86)/atmel/atmel toolchain/avr8 gcc/native/3.4.1056/avr8-gnu-toolchain/bin/../lib/gcc/avr/4.8.1/../../../../avr/lib/avrxmega7\libm.a(floatundisf.o)
                0x0000208a                __floatundisf
                0x0000208c                __fp_di2sf
 .text.avr-libc.fplib
                0x00002106        0xc c:/program files (x86)/atmel/atmel toolchain/avr8 gcc/native/3.4.1056/avr8-gnu-toolchain/bin/../lib/gcc/avr/4.8.1/../../../../avr/lib/avrxmega7\libm.a(fp_inf.o)
                0x00002106                __fp_inf
 .text.avr-libc.fplib
                0x00002112        0x6 c:/program files (x86)/atmel/atmel toolchain/avr8 gcc/native/3.4.1056/avr8-gnu-toolchain/bin/../lib/gcc/avr/4.8.1/../../../../avr/lib/avrxmega7\libm.a(fp_nan.o)
                0x00002112                __fp_nan
 .text.avr-libc.fplib
                0x00002118       0x20 c:/program files (x86)/atmel/atmel toolchain/avr8 gcc/native/3.4.1056/avr8-gnu-toolchain/bin/../lib/gcc/avr/4.8.1/../../../../avr/lib/avrxmega7\libm.a(fp_negdi.o)
                0x00002118                __fp_negdi
 .text.avr-libc.fplib
                0x00002138        0xe c:/program files (x86)/atmel/atmel toolchain/avr8 gcc/native/3.4.1056/avr8-gnu-toolchain/bin/../lib/gcc/avr/4.8.1/../../../../avr/lib/avrxmega7\libm.a(fp_pscA.o)
                0x00002138                __fp_pscA
 .text.avr-libc.fplib
                0x00002146        0xe c:/program files (x86)/atmel/atmel toolchain/avr8 gcc/native/3.4.1056/avr8-gnu-toolchain/bin/../lib/gcc/avr/4.8.1/../../../../avr/lib/avrxmega7\libm.a(fp_pscB.o)
                0x00002146                __fp_pscB
 .text.avr-libc.fplib
                0x00002154       0x22 c:/program files (x86)/atmel/atmel toolchain/avr8 gcc/native/3.4.1056/avr8-gnu-toolchain/bin/../lib/gcc/avr/4.8.1/../../../../avr/lib/avrxmega7\libm.a(fp_round.o)
                0x00002154                __fp_round
 .text.avr-libc.fplib
                0x00002176       0x44 c:/program files (x86)/atmel/atmel toolchain/avr8 gcc/native/3.4.1056/avr8-gnu-toolchain/bin/../lib/gcc/avr/4.8.1/../../../../avr/lib/avrxmega7\libm.a(fp_split3.o)
                0x00002176                __fp_split3
                0x00002186                __fp_splitA
 .text.avr-libc.fplib
                0x000021ba        0xe c:/program files (x86)/atmel/atmel toolchain/avr8 gcc/native/3.4.1056/avr8-gnu-toolchain/bin/../lib/gcc/avr/4.8.1/../../../../avr/lib/avrxmega7\libm.a(fp_zero.o)
                0x000021ba                __fp_zero
                0x000021bc                __fp_szero
 .text.avr-libc
                0x000021c8      0x702 c:/program files (x86)/atmel/atmel toolchain/avr8 gcc/native/3.4.1056/avr8-gnu-toolchain/bin/../lib/gcc/avr/4.8.1/../../../../avr/lib/avrxmega7\libprintf_flt.a(vfprintf_flt.o)
                0x000021c8                vfprintf
 .text.libgcc.mul
                0x000028ca       0x1e c:/program files (x86)/atmel/atmel toolchain/avr8 gcc/native/3.4.1056/avr8-gnu-toolchain/bin/../lib/gcc/avr/4.8.1/avrxmega7\libgcc.a(_mulsi3.o)
                0x000028ca                __mulsi3
 .text.libgcc.div
                0x000028e8       0x44 c:/program files (x86)/atmel/atmel toolchain/avr8 gcc/native/3.4.1056/avr8-gnu-toolchain/bin/../lib/gcc/avr/4.8.1/avrxmega7\libgcc.a(_udivmodsi4.o)
                0x000028e8                __udivmodsi4
 .text.libgcc.div
                0x0000292c       0x28 c:/program files (x86)/atmel/atmel toolchain/avr8 gcc/native/3.4.1056/avr8-gnu-toolchain/bin/../lib/gcc/avr/4.8.1/avrxmega7\libgcc.a(_divmodsi4.o)
                0x0000292c                __divmodsi4
 .text.libgcc.div
                0x00002954       0x10 c:/program files (x86)/atmel/atmel toolchain/avr8 gcc/native/3.4.1056/avr8-gnu-toolchain/bin/../lib/gcc/avr/4.8.1/avrxmega7\libgcc.a(_negsi2.o)
                0x00002954                __negsi2
 .text.libgcc.mul
                0x00002964       0x1e c:/program files (x86)/atmel/atmel toolchain/avr8 gcc/native/3.4.1056/avr8-gnu-toolchain/bin/../lib/gcc/avr/4.8.1/avrxmega7\libgcc.a(_umulhisi3.o)
                0x00002964                __umulhisi3
 .text.libgcc.mul
                0x00002982       0x14 c:/program files (x86)/atmel/atmel toolchain/avr8 gcc/native/3.4.1056/avr8-gnu-toolchain/bin/../lib/gcc/avr/4.8.1/avrxmega7\libgcc.a(_muluhisi3.o)
                0x00002982                __muluhisi3
 .text.libgcc.mul
                0x00002996        0xc c:/program files (x86)/atmel/atmel toolchain/avr8 gcc/native/3.4.1056/avr8-gnu-toolchain/bin/../lib/gcc/avr/4.8.1/avrxmega7\libgcc.a(_mulshisi3.o)
                0x00002996                __mulshisi3
                0x0000299a                __mulohisi3
 .text.libgcc.mul
                0x000029a2       0x92 c:/program files (x86)/atmel/atmel toolchain/avr8 gcc/native/3.4.1056/avr8-gnu-toolchain/bin/../lib/gcc/avr/4.8.1/avrxmega7\libgcc.a(_muldi3.o)
                0x000029a2                __muldi3
 .text.libgcc.mul
                0x00002a34       0x10 c:/program files (x86)/atmel/atmel toolchain/avr8 gcc/native/3.4.1056/avr8-gnu-toolchain/bin/../lib/gcc/avr/4.8.1/avrxmega7\libgcc.a(_muldi3_6.o)
                0x00002a34                __muldi3_6
 .text.avr-libc
                0x00002a44      0x1b0 c:/program files (x86)/atmel/atmel toolchain/avr8 gcc/native/3.4.1056/avr8-gnu-toolchain/bin/../lib/gcc/avr/4.8.1/../../../../avr/lib/avrxmega7\libc.a(ftoa_engine.o)
                0x00002a44                __ftoa_engine
 .text.avr-libc
                0x00002bf4       0x16 c:/program files (x86)/atmel/atmel toolchain/avr8 gcc/native/3.4.1056/avr8-gnu-toolchain/bin/../lib/gcc/avr/4.8.1/../../../../avr/lib/avrxmega7\libc.a(strnlen_P.o)
                0x00002bf4                strnlen_P
 .text.avr-libc
                0x00002c0a       0x16 c:/program files (x86)/atmel/atmel toolchain/avr8 gcc/native/3.4.1056/avr8-gnu-toolchain/bin/../lib/gcc/avr/4.8.1/../../../../avr/lib/avrxmega7\libc.a(strnlen.o)
                0x00002c0a                strnlen
 .text.avr-libc
                0x00002c20       0x64 c:/program files (x86)/atmel/atmel toolchain/avr8 gcc/native/3.4.1056/avr8-gnu-toolchain/bin/../lib/gcc/avr/4.8.1/../../../../avr/lib/avrxmega7\libc.a(fputc.o)
                0x00002c20                fputc
 .text.avr-libc
                0x00002c84       0x50 c:/program files (x86)/atmel/atmel toolchain/avr8 gcc/native/3.4.1056/avr8-gnu-toolchain/bin/../lib/gcc/avr/4.8.1/../../../../avr/lib/avrxmega7\libc.a(sprintf.o)
                0x00002c84                sprintf
 .text.avr-libc
                0x00002cd4       0xbc c:/program files (x86)/atmel/atmel toolchain/avr8 gcc/native/3.4.1056/avr8-gnu-toolchain/bin/../lib/gcc/avr/4.8.1/../../../../avr/lib/avrxmega7\libc.a(ultoa_invert.o)
                0x00002cd4                __ultoa_invert
                0x00002d90                . = ALIGN (0x2)
 *(.fini9)
 .fini9         0x00002d90        0x0 c:/program files (x86)/atmel/atmel toolchain/avr8 gcc/native/3.4.1056/avr8-gnu-toolchain/bin/../lib/gcc/avr/4.8.1/avrxmega7\libgcc.a(_exit.o)
                0x00002d90                _exit
                0x00002d90                exit
 *(.fini9)
 *(.fini8)
 *(.fini8)
 *(.fini7)
 *(.fini7)
 *(.fini6)
 *(.fini6)
 *(.fini5)
 *(.fini5)
 *(.fini4)
 *(.fini4)
 *(.fini3)
 *(.fini3)
 *(.fini2)
 *(.fini2)
 *(.fini1)
 *(.fini1)
 *(.fini0)
 .fini0         0x00002d90        0x4 c:/program files (x86)/atmel/atmel toolchain/avr8 gcc/native/3.4.1056/avr8-gnu-toolchain/bin/../lib/gcc/avr/4.8.1/avrxmega7\libgcc.a(_exit.o)
 *(.fini0)
                0x00002d94                _etext = .

.data           0x00802000      0x142 load address 0x00002d94
                0x00802000                PROVIDE (__data_start, .)
 *(.data)
 .data          0x00802000        0x0 c:/program files (x86)/atmel/atmel toolchain/avr8 gcc/native/3.4.1056/avr8-gnu-toolchain/bin/../lib/gcc/avr/4.8.1/../../../../avr/lib/avrxmega7/crtx128a1.o
 .data          0x00802000        0x0 src/ASF/common/boards/sensors_xplained/sensors_xplained.o
 .data          0x00802000        0x0 src/ASF/common/services/clock/xmega/sysclk.o
 .data          0x00802000        0x0 src/ASF/common/services/ioport/xmega/ioport_compat.o
 .data          0x00802000        0x0 src/ASF/common/services/sensors/drivers/akm/ak8975.o
 .data          0x00802000        0x0 src/ASF/common/services/sensors/drivers/bosch/bma020.o
 .data          0x00802000        0x0 src/ASF/common/services/sensors/drivers/bosch/bma150.o
 .data          0x00802000        0x0 src/ASF/common/services/sensors/drivers/bosch/bma180.o
 .data          0x00802000        0x0 src/ASF/common/services/sensors/drivers/bosch/bma220.o
 .data          0x00802000        0x0 src/ASF/common/services/sensors/drivers/bosch/bma222.o
 .data          0x00802000        0x0 src/ASF/common/services/sensors/drivers/bosch/bma250.o
 .data          0x00802000        0x0 src/ASF/common/services/sensors/drivers/bosch/bma_axis.inc.o
 .data          0x00802000        0x0 src/ASF/common/services/sensors/drivers/bosch/bmp.o
 .data          0x00802000        0x0 src/ASF/common/services/sensors/drivers/honeywell/hmc5883l.o
 .data          0x00802000        0x0 src/ASF/common/services/sensors/drivers/invensense/imu3000.o
 .data          0x00802000        0x0 src/ASF/common/services/sensors/drivers/invensense/itg3200.o
 .data          0x00802000        0x0 src/ASF/common/services/sensors/drivers/kionix/kxtf9.o
 .data          0x00802000        0x0 src/ASF/common/services/sensors/drivers/osram/sfh5712.o
 .data          0x00802000        0x0 src/ASF/common/services/sensors/drivers/osram/sfh7770.o
 .data          0x00802000        0x0 src/ASF/common/services/sensors/physics/physics.o
 .data          0x00802000        0x0 src/ASF/common/services/sensors/sensor.o
 .data          0x00802000        0x0 src/ASF/common/services/sensors/sensor_bus.o
 .data          0x00802000        0x0 src/ASF/common/services/sensors/sensor_nvram.o
 .data          0x00802000        0x0 src/ASF/common/services/sensors/sensor_platform.o
 .data          0x00802000        0x0 src/ASF/common/services/sleepmgr/xmega/sleepmgr.o
 .data          0x00802000        0x0 src/ASF/xmega/boards/xmega_a1_xplained/init.o
 .data          0x00802000        0x0 src/ASF/xmega/drivers/cpu/ccp.o
 .data          0x00802000        0x0 src/ASF/xmega/drivers/nvm/nvm.o
 .data          0x00802000        0x0 src/ASF/xmega/drivers/nvm/nvm_asm.o
 .data          0x00802000        0x0 src/ASF/xmega/drivers/rtc/rtc.o
 .data          0x00802000        0x0 src/ASF/xmega/drivers/twi/twim.o
 .data          0x00802000        0x0 src/ASF/xmega/drivers/twi/twis.o
 .data          0x00802000        0x0 src/ASF/xmega/drivers/usart/usart.o
 .data          0x00802000        0x0 src/usart_example.o
 .data          0x00802000        0x0 c:/program files (x86)/atmel/atmel toolchain/avr8 gcc/native/3.4.1056/avr8-gnu-toolchain/bin/../lib/gcc/avr/4.8.1/../../../../avr/lib/avrxmega7\libm.a(addsf3.o)
 .data          0x00802000        0x0 c:/program files (x86)/atmel/atmel toolchain/avr8 gcc/native/3.4.1056/avr8-gnu-toolchain/bin/../lib/gcc/avr/4.8.1/../../../../avr/lib/avrxmega7\libm.a(addsf3x.o)
 .data          0x00802000        0x0 c:/program files (x86)/atmel/atmel toolchain/avr8 gcc/native/3.4.1056/avr8-gnu-toolchain/bin/../lib/gcc/avr/4.8.1/../../../../avr/lib/avrxmega7\libm.a(asin.o)
 .data          0x00802000        0x0 c:/program files (x86)/atmel/atmel toolchain/avr8 gcc/native/3.4.1056/avr8-gnu-toolchain/bin/../lib/gcc/avr/4.8.1/../../../../avr/lib/avrxmega7\libm.a(atan2.o)
 .data          0x00802000        0x0 c:/program files (x86)/atmel/atmel toolchain/avr8 gcc/native/3.4.1056/avr8-gnu-toolchain/bin/../lib/gcc/avr/4.8.1/../../../../avr/lib/avrxmega7\libm.a(atan.o)
 .data          0x00802000        0x0 c:/program files (x86)/atmel/atmel toolchain/avr8 gcc/native/3.4.1056/avr8-gnu-toolchain/bin/../lib/gcc/avr/4.8.1/../../../../avr/lib/avrxmega7\libm.a(cmpsf2.o)
 .data          0x00802000        0x0 c:/program files (x86)/atmel/atmel toolchain/avr8 gcc/native/3.4.1056/avr8-gnu-toolchain/bin/../lib/gcc/avr/4.8.1/../../../../avr/lib/avrxmega7\libm.a(divsf3.o)
 .data          0x00802000        0x0 c:/program files (x86)/atmel/atmel toolchain/avr8 gcc/native/3.4.1056/avr8-gnu-toolchain/bin/../lib/gcc/avr/4.8.1/../../../../avr/lib/avrxmega7\libm.a(divsf3x.o)
 .data          0x00802000        0x0 c:/program files (x86)/atmel/atmel toolchain/avr8 gcc/native/3.4.1056/avr8-gnu-toolchain/bin/../lib/gcc/avr/4.8.1/../../../../avr/lib/avrxmega7\libm.a(fixsfdi.o)
 .data          0x00802000        0x0 c:/program files (x86)/atmel/atmel toolchain/avr8 gcc/native/3.4.1056/avr8-gnu-toolchain/bin/../lib/gcc/avr/4.8.1/../../../../avr/lib/avrxmega7\libm.a(fixsfsi.o)
 .data          0x00802000        0x0 c:/program files (x86)/atmel/atmel toolchain/avr8 gcc/native/3.4.1056/avr8-gnu-toolchain/bin/../lib/gcc/avr/4.8.1/../../../../avr/lib/avrxmega7\libm.a(fixunssfsi.o)
 .data          0x00802000        0x0 c:/program files (x86)/atmel/atmel toolchain/avr8 gcc/native/3.4.1056/avr8-gnu-toolchain/bin/../lib/gcc/avr/4.8.1/../../../../avr/lib/avrxmega7\libm.a(floatsisf.o)
 .data          0x00802000        0x0 c:/program files (x86)/atmel/atmel toolchain/avr8 gcc/native/3.4.1056/avr8-gnu-toolchain/bin/../lib/gcc/avr/4.8.1/../../../../avr/lib/avrxmega7\libm.a(floatundisf.o)
 .data          0x00802000        0x0 c:/program files (x86)/atmel/atmel toolchain/avr8 gcc/native/3.4.1056/avr8-gnu-toolchain/bin/../lib/gcc/avr/4.8.1/../../../../avr/lib/avrxmega7\libm.a(fp_arccos.o)
 .data          0x00802000        0x0 c:/program files (x86)/atmel/atmel toolchain/avr8 gcc/native/3.4.1056/avr8-gnu-toolchain/bin/../lib/gcc/avr/4.8.1/../../../../avr/lib/avrxmega7\libm.a(fp_cmp.o)
 .data          0x00802000        0x0 c:/program files (x86)/atmel/atmel toolchain/avr8 gcc/native/3.4.1056/avr8-gnu-toolchain/bin/../lib/gcc/avr/4.8.1/../../../../avr/lib/avrxmega7\libm.a(fp_inf.o)
 .data          0x00802000        0x0 c:/program files (x86)/atmel/atmel toolchain/avr8 gcc/native/3.4.1056/avr8-gnu-toolchain/bin/../lib/gcc/avr/4.8.1/../../../../avr/lib/avrxmega7\libm.a(fp_nan.o)
 .data          0x00802000        0x0 c:/program files (x86)/atmel/atmel toolchain/avr8 gcc/native/3.4.1056/avr8-gnu-toolchain/bin/../lib/gcc/avr/4.8.1/../../../../avr/lib/avrxmega7\libm.a(fp_negdi.o)
 .data          0x00802000        0x0 c:/program files (x86)/atmel/atmel toolchain/avr8 gcc/native/3.4.1056/avr8-gnu-toolchain/bin/../lib/gcc/avr/4.8.1/../../../../avr/lib/avrxmega7\libm.a(fp_powser.o)
 .data          0x00802000        0x0 c:/program files (x86)/atmel/atmel toolchain/avr8 gcc/native/3.4.1056/avr8-gnu-toolchain/bin/../lib/gcc/avr/4.8.1/../../../../avr/lib/avrxmega7\libm.a(fp_powsodd.o)
 .data          0x00802000        0x0 c:/program files (x86)/atmel/atmel toolchain/avr8 gcc/native/3.4.1056/avr8-gnu-toolchain/bin/../lib/gcc/avr/4.8.1/../../../../avr/lib/avrxmega7\libm.a(fp_pscA.o)
 .data          0x00802000        0x0 c:/program files (x86)/atmel/atmel toolchain/avr8 gcc/native/3.4.1056/avr8-gnu-toolchain/bin/../lib/gcc/avr/4.8.1/../../../../avr/lib/avrxmega7\libm.a(fp_pscB.o)
 .data          0x00802000        0x0 c:/program files (x86)/atmel/atmel toolchain/avr8 gcc/native/3.4.1056/avr8-gnu-toolchain/bin/../lib/gcc/avr/4.8.1/../../../../avr/lib/avrxmega7\libm.a(fp_round.o)
 .data          0x00802000        0x0 c:/program files (x86)/atmel/atmel toolchain/avr8 gcc/native/3.4.1056/avr8-gnu-toolchain/bin/../lib/gcc/avr/4.8.1/../../../../avr/lib/avrxmega7\libm.a(fp_split3.o)
 .data          0x00802000        0x0 c:/program files (x86)/atmel/atmel toolchain/avr8 gcc/native/3.4.1056/avr8-gnu-toolchain/bin/../lib/gcc/avr/4.8.1/../../../../avr/lib/avrxmega7\libm.a(fp_zero.o)
 .data          0x00802000        0x0 c:/program files (x86)/atmel/atmel toolchain/avr8 gcc/native/3.4.1056/avr8-gnu-toolchain/bin/../lib/gcc/avr/4.8.1/../../../../avr/lib/avrxmega7\libm.a(gesf2.o)
 .data          0x00802000        0x0 c:/program files (x86)/atmel/atmel toolchain/avr8 gcc/native/3.4.1056/avr8-gnu-toolchain/bin/../lib/gcc/avr/4.8.1/../../../../avr/lib/avrxmega7\libm.a(inverse.o)
 .data          0x00802000        0x0 c:/program files (x86)/atmel/atmel toolchain/avr8 gcc/native/3.4.1056/avr8-gnu-toolchain/bin/../lib/gcc/avr/4.8.1/../../../../avr/lib/avrxmega7\libm.a(mulsf3.o)
 .data          0x00802000        0x0 c:/program files (x86)/atmel/atmel toolchain/avr8 gcc/native/3.4.1056/avr8-gnu-toolchain/bin/../lib/gcc/avr/4.8.1/../../../../avr/lib/avrxmega7\libm.a(mulsf3x.o)
 .data          0x00802000        0x0 c:/program files (x86)/atmel/atmel toolchain/avr8 gcc/native/3.4.1056/avr8-gnu-toolchain/bin/../lib/gcc/avr/4.8.1/../../../../avr/lib/avrxmega7\libm.a(sqrt.o)
 .data          0x00802000        0x0 c:/program files (x86)/atmel/atmel toolchain/avr8 gcc/native/3.4.1056/avr8-gnu-toolchain/bin/../lib/gcc/avr/4.8.1/../../../../avr/lib/avrxmega7\libm.a(square.o)
 .data          0x00802000        0x0 c:/program files (x86)/atmel/atmel toolchain/avr8 gcc/native/3.4.1056/avr8-gnu-toolchain/bin/../lib/gcc/avr/4.8.1/../../../../avr/lib/avrxmega7\libm.a(unordsf2.o)
 .data          0x00802000        0x0 c:/program files (x86)/atmel/atmel toolchain/avr8 gcc/native/3.4.1056/avr8-gnu-toolchain/bin/../lib/gcc/avr/4.8.1/../../../../avr/lib/avrxmega7\libm.a(fp_mpack.o)
 .data          0x00802000        0x0 c:/program files (x86)/atmel/atmel toolchain/avr8 gcc/native/3.4.1056/avr8-gnu-toolchain/bin/../lib/gcc/avr/4.8.1/../../../../avr/lib/avrxmega7\libm.a(fp_norm2.o)
 .data          0x00802000        0x0 c:/program files (x86)/atmel/atmel toolchain/avr8 gcc/native/3.4.1056/avr8-gnu-toolchain/bin/../lib/gcc/avr/4.8.1/../../../../avr/lib/avrxmega7\libprintf_flt.a(vfprintf_flt.o)
 .data          0x00802000        0x0 c:/program files (x86)/atmel/atmel toolchain/avr8 gcc/native/3.4.1056/avr8-gnu-toolchain/bin/../lib/gcc/avr/4.8.1/avrxmega7\libgcc.a(_mulsi3.o)
 .data          0x00802000        0x0 c:/program files (x86)/atmel/atmel toolchain/avr8 gcc/native/3.4.1056/avr8-gnu-toolchain/bin/../lib/gcc/avr/4.8.1/avrxmega7\libgcc.a(_udivmodhi4.o)
 .data          0x00802000        0x0 c:/program files (x86)/atmel/atmel toolchain/avr8 gcc/native/3.4.1056/avr8-gnu-toolchain/bin/../lib/gcc/avr/4.8.1/avrxmega7\libgcc.a(_divmodhi4.o)
 .data          0x00802000        0x0 c:/program files (x86)/atmel/atmel toolchain/avr8 gcc/native/3.4.1056/avr8-gnu-toolchain/bin/../lib/gcc/avr/4.8.1/avrxmega7\libgcc.a(_udivmodsi4.o)
 .data          0x00802000        0x0 c:/program files (x86)/atmel/atmel toolchain/avr8 gcc/native/3.4.1056/avr8-gnu-toolchain/bin/../lib/gcc/avr/4.8.1/avrxmega7\libgcc.a(_divmodsi4.o)
 .data          0x00802000        0x0 c:/program files (x86)/atmel/atmel toolchain/avr8 gcc/native/3.4.1056/avr8-gnu-toolchain/bin/../lib/gcc/avr/4.8.1/avrxmega7\libgcc.a(_negsi2.o)
 .data          0x00802000        0x0 c:/program files (x86)/atmel/atmel toolchain/avr8 gcc/native/3.4.1056/avr8-gnu-toolchain/bin/../lib/gcc/avr/4.8.1/avrxmega7\libgcc.a(_exit.o)
 .data          0x00802000        0x0 c:/program files (x86)/atmel/atmel toolchain/avr8 gcc/native/3.4.1056/avr8-gnu-toolchain/bin/../lib/gcc/avr/4.8.1/avrxmega7\libgcc.a(_tablejump.o)
 .data          0x00802000        0x0 c:/program files (x86)/atmel/atmel toolchain/avr8 gcc/native/3.4.1056/avr8-gnu-toolchain/bin/../lib/gcc/avr/4.8.1/avrxmega7\libgcc.a(_copy_data.o)
 .data          0x00802000        0x0 c:/program files (x86)/atmel/atmel toolchain/avr8 gcc/native/3.4.1056/avr8-gnu-toolchain/bin/../lib/gcc/avr/4.8.1/avrxmega7\libgcc.a(_clear_bss.o)
 .data          0x00802000        0x0 c:/program files (x86)/atmel/atmel toolchain/avr8 gcc/native/3.4.1056/avr8-gnu-toolchain/bin/../lib/gcc/avr/4.8.1/avrxmega7\libgcc.a(_bswapsi2.o)
 .data          0x00802000        0x0 c:/program files (x86)/atmel/atmel toolchain/avr8 gcc/native/3.4.1056/avr8-gnu-toolchain/bin/../lib/gcc/avr/4.8.1/avrxmega7\libgcc.a(_umulhisi3.o)
 .data          0x00802000        0x0 c:/program files (x86)/atmel/atmel toolchain/avr8 gcc/native/3.4.1056/avr8-gnu-toolchain/bin/../lib/gcc/avr/4.8.1/avrxmega7\libgcc.a(_usmulhisi3.o)
 .data          0x00802000        0x0 c:/program files (x86)/atmel/atmel toolchain/avr8 gcc/native/3.4.1056/avr8-gnu-toolchain/bin/../lib/gcc/avr/4.8.1/avrxmega7\libgcc.a(_muluhisi3.o)
 .data          0x00802000        0x0 c:/program files (x86)/atmel/atmel toolchain/avr8 gcc/native/3.4.1056/avr8-gnu-toolchain/bin/../lib/gcc/avr/4.8.1/avrxmega7\libgcc.a(_mulshisi3.o)
 .data          0x00802000        0x0 c:/program files (x86)/atmel/atmel toolchain/avr8 gcc/native/3.4.1056/avr8-gnu-toolchain/bin/../lib/gcc/avr/4.8.1/avrxmega7\libgcc.a(_muldi3.o)
 .data          0x00802000        0x0 c:/program files (x86)/atmel/atmel toolchain/avr8 gcc/native/3.4.1056/avr8-gnu-toolchain/bin/../lib/gcc/avr/4.8.1/avrxmega7\libgcc.a(_muldi3_6.o)
 .data          0x00802000        0x0 c:/program files (x86)/atmel/atmel toolchain/avr8 gcc/native/3.4.1056/avr8-gnu-toolchain/bin/../lib/gcc/avr/4.8.1/../../../../avr/lib/avrxmega7\libc.a(ftoa_engine.o)
 .data          0x00802000        0x0 c:/program files (x86)/atmel/atmel toolchain/avr8 gcc/native/3.4.1056/avr8-gnu-toolchain/bin/../lib/gcc/avr/4.8.1/../../../../avr/lib/avrxmega7\libc.a(strnlen_P.o)
 .data          0x00802000        0x0 c:/program files (x86)/atmel/atmel toolchain/avr8 gcc/native/3.4.1056/avr8-gnu-toolchain/bin/../lib/gcc/avr/4.8.1/../../../../avr/lib/avrxmega7\libc.a(memcmp.o)
 .data          0x00802000        0x0 c:/program files (x86)/atmel/atmel toolchain/avr8 gcc/native/3.4.1056/avr8-gnu-toolchain/bin/../lib/gcc/avr/4.8.1/../../../../avr/lib/avrxmega7\libc.a(memcpy.o)
 .data          0x00802000        0x0 c:/program files (x86)/atmel/atmel toolchain/avr8 gcc/native/3.4.1056/avr8-gnu-toolchain/bin/../lib/gcc/avr/4.8.1/../../../../avr/lib/avrxmega7\libc.a(strnlen.o)
 .data          0x00802000        0x0 c:/program files (x86)/atmel/atmel toolchain/avr8 gcc/native/3.4.1056/avr8-gnu-toolchain/bin/../lib/gcc/avr/4.8.1/../../../../avr/lib/avrxmega7\libc.a(fputc.o)
 .data          0x00802000        0x0 c:/program files (x86)/atmel/atmel toolchain/avr8 gcc/native/3.4.1056/avr8-gnu-toolchain/bin/../lib/gcc/avr/4.8.1/../../../../avr/lib/avrxmega7\libc.a(sprintf.o)
 .data          0x00802000        0x0 c:/program files (x86)/atmel/atmel toolchain/avr8 gcc/native/3.4.1056/avr8-gnu-toolchain/bin/../lib/gcc/avr/4.8.1/../../../../avr/lib/avrxmega7\libc.a(ultoa_invert.o)
 *(.data*)
 .data.sensor_dev_list.5808
                0x00802000       0x22 src/ASF/common/services/sensors/sensor_platform.o
 .data.USART_SERIAL_OPTIONS.6101
                0x00802022        0x7 src/usart_example.o
 .data.press_err
                0x00802029       0x28 src/usart_example.o
                0x00802029                press_err
 .data.tx_buf   0x00802051       0x17 src/usart_example.o
                0x00802051                tx_buf
 *(.rodata)
 *(.rodata*)
 .rodata.str1.1
                0x00802068       0x3e src/ASF/common/services/sensors/drivers/bosch/bmp.o
 .rodata.bmp085_device.5804
                0x008020a6       0x19 src/ASF/common/services/sensors/drivers/bosch/bmp.o
 .rodata.str1.1
                0x008020bf       0x83 src/usart_example.o
 *(.gnu.linkonce.d*)
                0x00802142                . = ALIGN (0x2)
                0x00802142                _edata = .
                0x00802142                PROVIDE (__data_end, .)

.bss            0x00802142       0xf8
                0x00802142                PROVIDE (__bss_start, .)
 *(.bss)
 *(.bss*)
 .bss.sensor_pin5_arg
                0x00802142        0x2 src/ASF/common/boards/sensors_xplained/sensors_xplained.o
 .bss.sensor_pin5_handler
                0x00802144        0x2 src/ASF/common/boards/sensors_xplained/sensors_xplained.o
 .bss.sensor_pin4_arg
                0x00802146        0x2 src/ASF/common/boards/sensors_xplained/sensors_xplained.o
 .bss.sensor_pin4_handler
                0x00802148        0x2 src/ASF/common/boards/sensors_xplained/sensors_xplained.o
 .bss.sensor_pin3_arg
                0x0080214a        0x2 src/ASF/common/boards/sensors_xplained/sensors_xplained.o
 .bss.sensor_pin3_handler
                0x0080214c        0x2 src/ASF/common/boards/sensors_xplained/sensors_xplained.o
 .bss.caldata   0x0080214e       0x16 src/ASF/common/services/sensors/drivers/bosch/bmp.o
 .bss.sensor_oss
                0x00802164        0x1 src/ASF/common/services/sensors/drivers/bosch/bmp.o
 .bss.transfer  0x00802165        0xb src/ASF/xmega/drivers/twi/twim.o
 .bss.isLED     0x00802170        0x1 src/usart_example.o
 .bss.tx_buf2   0x00802171       0x80 src/usart_example.o
                0x00802171                tx_buf2
 *(COMMON)
 COMMON         0x008021f1        0x6 src/ASF/common/services/sleepmgr/xmega/sleepmgr.o
                0x008021f1                sleepmgr_locks
 COMMON         0x008021f7        0x8 src/ASF/xmega/drivers/rtc/rtc.o
                0x008021f7                rtc_data
 COMMON         0x008021ff       0x3b src/usart_example.o
                0x008021ff                barometer
                0x0080220c                temp_data
                0x0080221d                press_data
                0x0080222e                id
                0x00802232                datetime
                0x00802239                ver
                0x0080223a                PROVIDE (__bss_end, .)
                0x00002d94                __data_load_start = LOADADDR (.data)
                0x00002ed6                __data_load_end = (__data_load_start + SIZEOF (.data))

.noinit         0x0080223a        0x0
                0x0080223a                PROVIDE (__noinit_start, .)
 *(.noinit*)
                0x0080223a                PROVIDE (__noinit_end, .)
                0x0080223a                _end = .
                0x0080223a                PROVIDE (__heap_start, .)

.eeprom         0x00810000        0x0
 *(.eeprom*)
                0x00810000                __eeprom_end = .

.fuse
 *(.fuse)
 *(.lfuse)
 *(.hfuse)
 *(.efuse)

.lock
 *(.lock*)

.signature
 *(.signature*)

.user_signatures
 *(.user_signatures*)

.stab
 *(.stab)

.stabstr
 *(.stabstr)

.stab.excl
 *(.stab.excl)

.stab.exclstr
 *(.stab.exclstr)

.stab.index
 *(.stab.index)

.stab.indexstr
 *(.stab.indexstr)

.comment        0x00000000       0x5c
 *(.comment)
 .comment       0x00000000       0x30 src/ASF/common/boards/sensors_xplained/sensors_xplained.o
                                 0x31 (size before relaxing)
 .comment       0x00000000       0x31 src/ASF/common/services/clock/xmega/sysclk.o
 .comment       0x00000000       0x31 src/ASF/common/services/ioport/xmega/ioport_compat.o
 .comment       0x00000000       0x31 src/ASF/common/services/sensors/drivers/akm/ak8975.o
 .comment       0x00000000       0x31 src/ASF/common/services/sensors/drivers/bosch/bma020.o
 .comment       0x00000000       0x31 src/ASF/common/services/sensors/drivers/bosch/bma150.o
 .comment       0x00000000       0x31 src/ASF/common/services/sensors/drivers/bosch/bma180.o
 .comment       0x00000000       0x31 src/ASF/common/services/sensors/drivers/bosch/bma220.o
 .comment       0x00000000       0x31 src/ASF/common/services/sensors/drivers/bosch/bma222.o
 .comment       0x00000000       0x31 src/ASF/common/services/sensors/drivers/bosch/bma250.o
 .comment       0x00000000       0x31 src/ASF/common/services/sensors/drivers/bosch/bma_axis.inc.o
 .comment       0x00000000       0x31 src/ASF/common/services/sensors/drivers/bosch/bmp.o
 .comment       0x00000000       0x31 src/ASF/common/services/sensors/drivers/honeywell/hmc5883l.o
 .comment       0x00000000       0x31 src/ASF/common/services/sensors/drivers/invensense/imu3000.o
 .comment       0x00000000       0x31 src/ASF/common/services/sensors/drivers/invensense/itg3200.o
 .comment       0x00000000       0x31 src/ASF/common/services/sensors/drivers/kionix/kxtf9.o
 .comment       0x00000000       0x31 src/ASF/common/services/sensors/drivers/osram/sfh5712.o
 .comment       0x00000000       0x31 src/ASF/common/services/sensors/drivers/osram/sfh7770.o
 .comment       0x00000000       0x31 src/ASF/common/services/sensors/physics/physics.o
 .comment       0x00000000       0x31 src/ASF/common/services/sensors/sensor.o
 .comment       0x00000000       0x31 src/ASF/common/services/sensors/sensor_bus.o
 .comment       0x00000000       0x31 src/ASF/common/services/sensors/sensor_nvram.o
 .comment       0x00000000       0x31 src/ASF/common/services/sensors/sensor_platform.o
 .comment       0x00000000       0x31 src/ASF/common/services/sleepmgr/xmega/sleepmgr.o
 .comment       0x00000000       0x31 src/ASF/xmega/boards/xmega_a1_xplained/init.o
 .comment       0x00000000       0x31 src/ASF/xmega/drivers/nvm/nvm.o
 .comment       0x00000000       0x31 src/ASF/xmega/drivers/rtc/rtc.o
 .comment       0x00000000       0x31 src/ASF/xmega/drivers/twi/twim.o
 .comment       0x00000000       0x31 src/ASF/xmega/drivers/twi/twis.o
 .comment       0x00000000       0x31 src/ASF/xmega/drivers/usart/usart.o
 .comment       0x00000000       0x31 src/usart_example.o
 .comment       0x00000030       0x2c c:/program files (x86)/atmel/atmel toolchain/avr8 gcc/native/3.4.1056/avr8-gnu-toolchain/bin/../lib/gcc/avr/4.8.1/../../../../avr/lib/avrxmega7\libprintf_flt.a(vfprintf_flt.o)
                                 0x2d (size before relaxing)
 .comment       0x00000000       0x31 c:/program files (x86)/atmel/atmel toolchain/avr8 gcc/native/3.4.1056/avr8-gnu-toolchain/bin/../lib/gcc/avr/4.8.1/../../../../avr/lib/avrxmega7\libc.a(fputc.o)
 .comment       0x00000000       0x31 c:/program files (x86)/atmel/atmel toolchain/avr8 gcc/native/3.4.1056/avr8-gnu-toolchain/bin/../lib/gcc/avr/4.8.1/../../../../avr/lib/avrxmega7\libc.a(sprintf.o)

.note.gnu.build-id
 *(.note.gnu.build-id)

.debug
 *(.debug)

.line
 *(.line)

.debug_srcinfo
 *(.debug_srcinfo)

.debug_sfnames
 *(.debug_sfnames)

.debug_aranges  0x00000000      0xa60
 *(.debug_aranges)
 .debug_aranges
                0x00000000       0x38 src/ASF/common/boards/sensors_xplained/sensors_xplained.o
 .debug_aranges
                0x00000038       0x30 src/ASF/common/services/clock/xmega/sysclk.o
 .debug_aranges
                0x00000068       0x20 src/ASF/common/services/ioport/xmega/ioport_compat.o
 .debug_aranges
                0x00000088       0x50 src/ASF/common/services/sensors/drivers/akm/ak8975.o
 .debug_aranges
                0x000000d8       0x50 src/ASF/common/services/sensors/drivers/bosch/bma020.o
 .debug_aranges
                0x00000128       0x78 src/ASF/common/services/sensors/drivers/bosch/bma150.o
 .debug_aranges
                0x000001a0       0x50 src/ASF/common/services/sensors/drivers/bosch/bma180.o
 .debug_aranges
                0x000001f0       0x78 src/ASF/common/services/sensors/drivers/bosch/bma220.o
 .debug_aranges
                0x00000268       0x70 src/ASF/common/services/sensors/drivers/bosch/bma222.o
 .debug_aranges
                0x000002d8       0x70 src/ASF/common/services/sensors/drivers/bosch/bma250.o
 .debug_aranges
                0x00000348       0x18 src/ASF/common/services/sensors/drivers/bosch/bma_axis.inc.o
 .debug_aranges
                0x00000360       0x58 src/ASF/common/services/sensors/drivers/bosch/bmp.o
 .debug_aranges
                0x000003b8       0x70 src/ASF/common/services/sensors/drivers/honeywell/hmc5883l.o
 .debug_aranges
                0x00000428       0x68 src/ASF/common/services/sensors/drivers/invensense/imu3000.o
 .debug_aranges
                0x00000490       0x68 src/ASF/common/services/sensors/drivers/invensense/itg3200.o
 .debug_aranges
                0x000004f8       0x70 src/ASF/common/services/sensors/drivers/kionix/kxtf9.o
 .debug_aranges
                0x00000568       0x30 src/ASF/common/services/sensors/drivers/osram/sfh5712.o
 .debug_aranges
                0x00000598       0x58 src/ASF/common/services/sensors/drivers/osram/sfh7770.o
 .debug_aranges
                0x000005f0       0x20 src/ASF/common/services/sensors/physics/physics.o
 .debug_aranges
                0x00000610       0xb0 src/ASF/common/services/sensors/sensor.o
 .debug_aranges
                0x000006c0       0x48 src/ASF/common/services/sensors/sensor_bus.o
 .debug_aranges
                0x00000708       0x28 src/ASF/common/services/sensors/sensor_nvram.o
 .debug_aranges
                0x00000730       0x48 src/ASF/common/services/sensors/sensor_platform.o
 .debug_aranges
                0x00000778       0x18 src/ASF/common/services/sleepmgr/xmega/sleepmgr.o
 .debug_aranges
                0x00000790       0x28 src/ASF/xmega/boards/xmega_a1_xplained/init.o
 .debug_aranges
                0x000007b8       0x20 src/ASF/xmega/drivers/cpu/ccp.o
 .debug_aranges
                0x000007d8       0xd8 src/ASF/xmega/drivers/nvm/nvm.o
 .debug_aranges
                0x000008b0       0x28 src/ASF/xmega/drivers/nvm/nvm_asm.o
 .debug_aranges
                0x000008d8       0x50 src/ASF/xmega/drivers/rtc/rtc.o
 .debug_aranges
                0x00000928       0x50 src/ASF/xmega/drivers/twi/twim.o
 .debug_aranges
                0x00000978       0x60 src/ASF/xmega/drivers/twi/twis.o
 .debug_aranges
                0x000009d8       0x60 src/ASF/xmega/drivers/usart/usart.o
 .debug_aranges
                0x00000a38       0x28 src/usart_example.o

.debug_pubnames
 *(.debug_pubnames)

.debug_info     0x00000000    0x297e4
 *(.debug_info .gnu.linkonce.wi.*)
 .debug_info    0x00000000      0x854 src/ASF/common/boards/sensors_xplained/sensors_xplained.o
 .debug_info    0x00000854      0x942 src/ASF/common/services/clock/xmega/sysclk.o
 .debug_info    0x00001196      0x11c src/ASF/common/services/ioport/xmega/ioport_compat.o
 .debug_info    0x000012b2     0x1e5d src/ASF/common/services/sensors/drivers/akm/ak8975.o
 .debug_info    0x0000310f     0x16f4 src/ASF/common/services/sensors/drivers/bosch/bma020.o
 .debug_info    0x00004803     0x214f src/ASF/common/services/sensors/drivers/bosch/bma150.o
 .debug_info    0x00006952     0x17c9 src/ASF/common/services/sensors/drivers/bosch/bma180.o
 .debug_info    0x0000811b     0x22e3 src/ASF/common/services/sensors/drivers/bosch/bma220.o
 .debug_info    0x0000a3fe     0x2471 src/ASF/common/services/sensors/drivers/bosch/bma222.o
 .debug_info    0x0000c86f     0x2455 src/ASF/common/services/sensors/drivers/bosch/bma250.o
 .debug_info    0x0000ecc4      0x11f src/ASF/common/services/sensors/drivers/bosch/bma_axis.inc.o
 .debug_info    0x0000ede3     0x1ae1 src/ASF/common/services/sensors/drivers/bosch/bmp.o
 .debug_info    0x000108c4     0x23e2 src/ASF/common/services/sensors/drivers/honeywell/hmc5883l.o
 .debug_info    0x00012ca6     0x2065 src/ASF/common/services/sensors/drivers/invensense/imu3000.o
 .debug_info    0x00014d0b     0x1ce1 src/ASF/common/services/sensors/drivers/invensense/itg3200.o
 .debug_info    0x000169ec     0x2565 src/ASF/common/services/sensors/drivers/kionix/kxtf9.o
 .debug_info    0x00018f51     0x13b0 src/ASF/common/services/sensors/drivers/osram/sfh5712.o
 .debug_info    0x0001a301     0x219f src/ASF/common/services/sensors/drivers/osram/sfh7770.o
 .debug_info    0x0001c4a0      0x284 src/ASF/common/services/sensors/physics/physics.o
 .debug_info    0x0001c724     0x1bf8 src/ASF/common/services/sensors/sensor.o
 .debug_info    0x0001e31c     0x29bf src/ASF/common/services/sensors/sensor_bus.o
 .debug_info    0x00020cdb      0x320 src/ASF/common/services/sensors/sensor_nvram.o
 .debug_info    0x00020ffb     0x13e3 src/ASF/common/services/sensors/sensor_platform.o
 .debug_info    0x000223de      0x121 src/ASF/common/services/sleepmgr/xmega/sleepmgr.o
 .debug_info    0x000224ff      0x64b src/ASF/xmega/boards/xmega_a1_xplained/init.o
 .debug_info    0x00022b4a       0x82 src/ASF/xmega/drivers/cpu/ccp.o
 .debug_info    0x00022bcc     0x110e src/ASF/xmega/drivers/nvm/nvm.o
 .debug_info    0x00023cda       0x82 src/ASF/xmega/drivers/nvm/nvm_asm.o
 .debug_info    0x00023d5c      0x6e7 src/ASF/xmega/drivers/rtc/rtc.o
 .debug_info    0x00024443      0x886 src/ASF/xmega/drivers/twi/twim.o
 .debug_info    0x00024cc9      0x71a src/ASF/xmega/drivers/twi/twis.o
 .debug_info    0x000253e3     0x2be5 src/ASF/xmega/drivers/usart/usart.o
 .debug_info    0x00027fc8     0x181c src/usart_example.o

.debug_abbrev   0x00000000     0x668c
 *(.debug_abbrev)
 .debug_abbrev  0x00000000      0x2c3 src/ASF/common/boards/sensors_xplained/sensors_xplained.o
 .debug_abbrev  0x000002c3      0x2a3 src/ASF/common/services/clock/xmega/sysclk.o
 .debug_abbrev  0x00000566       0xa2 src/ASF/common/services/ioport/xmega/ioport_compat.o
 .debug_abbrev  0x00000608      0x430 src/ASF/common/services/sensors/drivers/akm/ak8975.o
 .debug_abbrev  0x00000a38      0x3c3 src/ASF/common/services/sensors/drivers/bosch/bma020.o
 .debug_abbrev  0x00000dfb      0x47e src/ASF/common/services/sensors/drivers/bosch/bma150.o
 .debug_abbrev  0x00001279      0x3fd src/ASF/common/services/sensors/drivers/bosch/bma180.o
 .debug_abbrev  0x00001676      0x501 src/ASF/common/services/sensors/drivers/bosch/bma220.o
 .debug_abbrev  0x00001b77      0x4fb src/ASF/common/services/sensors/drivers/bosch/bma222.o
 .debug_abbrev  0x00002072      0x4fb src/ASF/common/services/sensors/drivers/bosch/bma250.o
 .debug_abbrev  0x0000256d       0x8a src/ASF/common/services/sensors/drivers/bosch/bma_axis.inc.o
 .debug_abbrev  0x000025f7      0x451 src/ASF/common/services/sensors/drivers/bosch/bmp.o
 .debug_abbrev  0x00002a48      0x49e src/ASF/common/services/sensors/drivers/honeywell/hmc5883l.o
 .debug_abbrev  0x00002ee6      0x470 src/ASF/common/services/sensors/drivers/invensense/imu3000.o
 .debug_abbrev  0x00003356      0x43f src/ASF/common/services/sensors/drivers/invensense/itg3200.o
 .debug_abbrev  0x00003795      0x4ac src/ASF/common/services/sensors/drivers/kionix/kxtf9.o
 .debug_abbrev  0x00003c41      0x30c src/ASF/common/services/sensors/drivers/osram/sfh5712.o
 .debug_abbrev  0x00003f4d      0x3f2 src/ASF/common/services/sensors/drivers/osram/sfh7770.o
 .debug_abbrev  0x0000433f      0x13a src/ASF/common/services/sensors/physics/physics.o
 .debug_abbrev  0x00004479      0x3ee src/ASF/common/services/sensors/sensor.o
 .debug_abbrev  0x00004867      0x3d4 src/ASF/common/services/sensors/sensor_bus.o
 .debug_abbrev  0x00004c3b      0x152 src/ASF/common/services/sensors/sensor_nvram.o
 .debug_abbrev  0x00004d8d      0x3a4 src/ASF/common/services/sensors/sensor_platform.o
 .debug_abbrev  0x00005131       0x80 src/ASF/common/services/sleepmgr/xmega/sleepmgr.o
 .debug_abbrev  0x000051b1      0x1bc src/ASF/xmega/boards/xmega_a1_xplained/init.o
 .debug_abbrev  0x0000536d       0x14 src/ASF/xmega/drivers/cpu/ccp.o
 .debug_abbrev  0x00005381      0x3f2 src/ASF/xmega/drivers/nvm/nvm.o
 .debug_abbrev  0x00005773       0x12 src/ASF/xmega/drivers/nvm/nvm_asm.o
 .debug_abbrev  0x00005785      0x2b5 src/ASF/xmega/drivers/rtc/rtc.o
 .debug_abbrev  0x00005a3a      0x292 src/ASF/xmega/drivers/twi/twim.o
 .debug_abbrev  0x00005ccc      0x270 src/ASF/xmega/drivers/twi/twis.o
 .debug_abbrev  0x00005f3c      0x3ee src/ASF/xmega/drivers/usart/usart.o
 .debug_abbrev  0x0000632a      0x362 src/usart_example.o

.debug_line     0x00000000    0x16157
 *(.debug_line .debug_line.* .debug_line_end)
 .debug_line    0x00000000      0x7e6 src/ASF/common/boards/sensors_xplained/sensors_xplained.o
 .debug_line    0x000007e6      0x75d src/ASF/common/services/clock/xmega/sysclk.o
 .debug_line    0x00000f43      0x487 src/ASF/common/services/ioport/xmega/ioport_compat.o
 .debug_line    0x000013ca      0xe18 src/ASF/common/services/sensors/drivers/akm/ak8975.o
 .debug_line    0x000021e2      0xcc6 src/ASF/common/services/sensors/drivers/bosch/bma020.o
 .debug_line    0x00002ea8      0xfee src/ASF/common/services/sensors/drivers/bosch/bma150.o
 .debug_line    0x00003e96      0xceb src/ASF/common/services/sensors/drivers/bosch/bma180.o
 .debug_line    0x00004b81     0x105e src/ASF/common/services/sensors/drivers/bosch/bma220.o
 .debug_line    0x00005bdf     0x1025 src/ASF/common/services/sensors/drivers/bosch/bma222.o
 .debug_line    0x00006c04     0x1031 src/ASF/common/services/sensors/drivers/bosch/bma250.o
 .debug_line    0x00007c35      0xa3f src/ASF/common/services/sensors/drivers/bosch/bma_axis.inc.o
 .debug_line    0x00008674      0xd68 src/ASF/common/services/sensors/drivers/bosch/bmp.o
 .debug_line    0x000093dc      0xf81 src/ASF/common/services/sensors/drivers/honeywell/hmc5883l.o
 .debug_line    0x0000a35d      0xe6e src/ASF/common/services/sensors/drivers/invensense/imu3000.o
 .debug_line    0x0000b1cb      0xe33 src/ASF/common/services/sensors/drivers/invensense/itg3200.o
 .debug_line    0x0000bffe     0x1152 src/ASF/common/services/sensors/drivers/kionix/kxtf9.o
 .debug_line    0x0000d150      0xb51 src/ASF/common/services/sensors/drivers/osram/sfh5712.o
 .debug_line    0x0000dca1     0x1042 src/ASF/common/services/sensors/drivers/osram/sfh7770.o
 .debug_line    0x0000ece3      0x260 src/ASF/common/services/sensors/physics/physics.o
 .debug_line    0x0000ef43      0xf4f src/ASF/common/services/sensors/sensor.o
 .debug_line    0x0000fe92      0xd41 src/ASF/common/services/sensors/sensor_bus.o
 .debug_line    0x00010bd3      0x6c7 src/ASF/common/services/sensors/sensor_nvram.o
 .debug_line    0x0001129a      0xaf0 src/ASF/common/services/sensors/sensor_platform.o
 .debug_line    0x00011d8a      0x430 src/ASF/common/services/sleepmgr/xmega/sleepmgr.o
 .debug_line    0x000121ba      0x607 src/ASF/xmega/boards/xmega_a1_xplained/init.o
 .debug_line    0x000127c1       0x6e src/ASF/xmega/drivers/cpu/ccp.o
 .debug_line    0x0001282f      0xa9f src/ASF/xmega/drivers/nvm/nvm.o
 .debug_line    0x000132ce      0x11f src/ASF/xmega/drivers/nvm/nvm_asm.o
 .debug_line    0x000133ed      0x8e2 src/ASF/xmega/drivers/rtc/rtc.o
 .debug_line    0x00013ccf      0x60f src/ASF/xmega/drivers/twi/twim.o
 .debug_line    0x000142de      0x626 src/ASF/xmega/drivers/twi/twis.o
 .debug_line    0x00014904      0xc26 src/ASF/xmega/drivers/usart/usart.o
 .debug_line    0x0001552a      0xc2d src/usart_example.o

.debug_frame    0x00000000     0x28b4
 *(.debug_frame)
 .debug_frame   0x00000000       0xa4 src/ASF/common/boards/sensors_xplained/sensors_xplained.o
 .debug_frame   0x000000a4       0x44 src/ASF/common/services/clock/xmega/sysclk.o
 .debug_frame   0x000000e8       0x24 src/ASF/common/services/ioport/xmega/ioport_compat.o
 .debug_frame   0x0000010c      0x19c src/ASF/common/services/sensors/drivers/akm/ak8975.o
 .debug_frame   0x000002a8      0x194 src/ASF/common/services/sensors/drivers/bosch/bma020.o
 .debug_frame   0x0000043c      0x248 src/ASF/common/services/sensors/drivers/bosch/bma150.o
 .debug_frame   0x00000684      0x18c src/ASF/common/services/sensors/drivers/bosch/bma180.o
 .debug_frame   0x00000810      0x234 src/ASF/common/services/sensors/drivers/bosch/bma220.o
 .debug_frame   0x00000a44      0x214 src/ASF/common/services/sensors/drivers/bosch/bma222.o
 .debug_frame   0x00000c58      0x214 src/ASF/common/services/sensors/drivers/bosch/bma250.o
 .debug_frame   0x00000e6c      0x17c src/ASF/common/services/sensors/drivers/bosch/bmp.o
 .debug_frame   0x00000fe8      0x24c src/ASF/common/services/sensors/drivers/honeywell/hmc5883l.o
 .debug_frame   0x00001234      0x21c src/ASF/common/services/sensors/drivers/invensense/imu3000.o
 .debug_frame   0x00001450      0x200 src/ASF/common/services/sensors/drivers/invensense/itg3200.o
 .debug_frame   0x00001650      0x1f8 src/ASF/common/services/sensors/drivers/kionix/kxtf9.o
 .debug_frame   0x00001848       0x94 src/ASF/common/services/sensors/drivers/osram/sfh5712.o
 .debug_frame   0x000018dc      0x19c src/ASF/common/services/sensors/drivers/osram/sfh7770.o
 .debug_frame   0x00001a78       0x84 src/ASF/common/services/sensors/physics/physics.o
 .debug_frame   0x00001afc      0x23c src/ASF/common/services/sensors/sensor.o
 .debug_frame   0x00001d38      0x114 src/ASF/common/services/sensors/sensor_bus.o
 .debug_frame   0x00001e4c       0x3c src/ASF/common/services/sensors/sensor_nvram.o
 .debug_frame   0x00001e88       0x7c src/ASF/common/services/sensors/sensor_platform.o
 .debug_frame   0x00001f04       0x34 src/ASF/xmega/boards/xmega_a1_xplained/init.o
 .debug_frame   0x00001f38      0x3e0 src/ASF/xmega/drivers/nvm/nvm.o
 .debug_frame   0x00002318       0xf4 src/ASF/xmega/drivers/rtc/rtc.o
 .debug_frame   0x0000240c      0x1b0 src/ASF/xmega/drivers/twi/twim.o
 .debug_frame   0x000025bc       0xbc src/ASF/xmega/drivers/twi/twis.o
 .debug_frame   0x00002678      0x13c src/ASF/xmega/drivers/usart/usart.o
 .debug_frame   0x000027b4      0x100 src/usart_example.o

.debug_str      0x00000000    0x35011
 *(.debug_str)
 .debug_str     0x00000000    0x256e1 src/ASF/common/boards/sensors_xplained/sensors_xplained.o
                              0x25dce (size before relaxing)
 .debug_str     0x000256e1      0x2f5 src/ASF/common/services/clock/xmega/sysclk.o
                              0x25d60 (size before relaxing)
 .debug_str     0x000259d6       0x41 src/ASF/common/services/ioport/xmega/ioport_compat.o
                              0x231fd (size before relaxing)
 .debug_str     0x00025a17     0x300e src/ASF/common/services/sensors/drivers/akm/ak8975.o
                              0x28b44 (size before relaxing)
 .debug_str     0x00028a25      0x754 src/ASF/common/services/sensors/drivers/bosch/bma020.o
                              0x289a4 (size before relaxing)
 .debug_str     0x00029179      0x987 src/ASF/common/services/sensors/drivers/bosch/bma150.o
                              0x29040 (size before relaxing)
 .debug_str     0x00029b00     0x13d4 src/ASF/common/services/sensors/drivers/bosch/bma180.o
                              0x296fa (size before relaxing)
 .debug_str     0x0002aed4      0xde3 src/ASF/common/services/sensors/drivers/bosch/bma220.o
                              0x29349 (size before relaxing)
 .debug_str     0x0002bcb7     0x1403 src/ASF/common/services/sensors/drivers/bosch/bma222.o
                              0x29a56 (size before relaxing)
 .debug_str     0x0002d0ba     0x1258 src/ASF/common/services/sensors/drivers/bosch/bma250.o
                              0x299e4 (size before relaxing)
 .debug_str     0x0002e312       0x40 src/ASF/common/services/sensors/drivers/bosch/bma_axis.inc.o
                              0x270d1 (size before relaxing)
 .debug_str     0x0002e352      0x4ab src/ASF/common/services/sensors/drivers/bosch/bmp.o
                              0x288b3 (size before relaxing)
 .debug_str     0x0002e7fd      0x8ee src/ASF/common/services/sensors/drivers/honeywell/hmc5883l.o
                              0x29254 (size before relaxing)
 .debug_str     0x0002f0eb      0xc4c src/ASF/common/services/sensors/drivers/invensense/imu3000.o
                              0x291b0 (size before relaxing)
 .debug_str     0x0002fd37      0x366 src/ASF/common/services/sensors/drivers/invensense/itg3200.o
                              0x28bd0 (size before relaxing)
 .debug_str     0x0003009d     0x10ed src/ASF/common/services/sensors/drivers/kionix/kxtf9.o
                              0x29883 (size before relaxing)
 .debug_str     0x0003118a      0x250 src/ASF/common/services/sensors/drivers/osram/sfh5712.o
                              0x28474 (size before relaxing)
 .debug_str     0x000313da      0xe67 src/ASF/common/services/sensors/drivers/osram/sfh7770.o
                              0x294c5 (size before relaxing)
 .debug_str     0x00032241       0x79 src/ASF/common/services/sensors/physics/physics.o
                               0x3dc0 (size before relaxing)
 .debug_str     0x000322ba      0x2a0 src/ASF/common/services/sensors/sensor.o
                              0x286f5 (size before relaxing)
 .debug_str     0x0003255a      0xa4e src/ASF/common/services/sensors/sensor_bus.o
                              0x28075 (size before relaxing)
 .debug_str     0x00032fa8       0xb3 src/ASF/common/services/sensors/sensor_nvram.o
                              0x25c6c (size before relaxing)
 .debug_str     0x0003305b      0x3b1 src/ASF/common/services/sensors/sensor_platform.o
                              0x28ac4 (size before relaxing)
 .debug_str     0x0003340c       0xb3 src/ASF/common/services/sleepmgr/xmega/sleepmgr.o
                              0x22ff4 (size before relaxing)
 .debug_str     0x000334bf       0x31 src/ASF/xmega/boards/xmega_a1_xplained/init.o
                              0x25047 (size before relaxing)
 .debug_str     0x000334f0      0x7bb src/ASF/xmega/drivers/nvm/nvm.o
                              0x2365d (size before relaxing)
 .debug_str     0x00033cab      0x2c5 src/ASF/xmega/drivers/rtc/rtc.o
                              0x26275 (size before relaxing)
 .debug_str     0x00033f70      0x246 src/ASF/xmega/drivers/twi/twim.o
                              0x2314c (size before relaxing)
 .debug_str     0x000341b6      0x32a src/ASF/xmega/drivers/twi/twis.o
                              0x23008 (size before relaxing)
 .debug_str     0x000344e0      0x465 src/ASF/xmega/drivers/usart/usart.o
                              0x26c28 (size before relaxing)
 .debug_str     0x00034945      0x6cc src/usart_example.o
                              0x28dbb (size before relaxing)

.debug_loc      0x00000000    0x1403d
 *(.debug_loc)
 .debug_loc     0x00000000      0x302 src/ASF/common/boards/sensors_xplained/sensors_xplained.o
 .debug_loc     0x00000302      0x268 src/ASF/common/services/clock/xmega/sysclk.o
 .debug_loc     0x0000056a       0x7d src/ASF/common/services/ioport/xmega/ioport_compat.o
 .debug_loc     0x000005e7      0xd8d src/ASF/common/services/sensors/drivers/akm/ak8975.o
 .debug_loc     0x00001374      0xb6d src/ASF/common/services/sensors/drivers/bosch/bma020.o
 .debug_loc     0x00001ee1     0x178f src/ASF/common/services/sensors/drivers/bosch/bma150.o
 .debug_loc     0x00003670      0xc38 src/ASF/common/services/sensors/drivers/bosch/bma180.o
 .debug_loc     0x000042a8     0x1305 src/ASF/common/services/sensors/drivers/bosch/bma220.o
 .debug_loc     0x000055ad     0x11fa src/ASF/common/services/sensors/drivers/bosch/bma222.o
 .debug_loc     0x000067a7     0x11ac src/ASF/common/services/sensors/drivers/bosch/bma250.o
 .debug_loc     0x00007953     0x12eb src/ASF/common/services/sensors/drivers/bosch/bmp.o
 .debug_loc     0x00008c3e      0xf3a src/ASF/common/services/sensors/drivers/honeywell/hmc5883l.o
 .debug_loc     0x00009b78     0x1055 src/ASF/common/services/sensors/drivers/invensense/imu3000.o
 .debug_loc     0x0000abcd      0xf83 src/ASF/common/services/sensors/drivers/invensense/itg3200.o
 .debug_loc     0x0000bb50     0x12f6 src/ASF/common/services/sensors/drivers/kionix/kxtf9.o
 .debug_loc     0x0000ce46      0x653 src/ASF/common/services/sensors/drivers/osram/sfh5712.o
 .debug_loc     0x0000d499     0x1502 src/ASF/common/services/sensors/drivers/osram/sfh7770.o
 .debug_loc     0x0000e99b      0x241 src/ASF/common/services/sensors/physics/physics.o
 .debug_loc     0x0000ebdc     0x1295 src/ASF/common/services/sensors/sensor.o
 .debug_loc     0x0000fe71      0xd3b src/ASF/common/services/sensors/sensor_bus.o
 .debug_loc     0x00010bac      0x166 src/ASF/common/services/sensors/sensor_nvram.o
 .debug_loc     0x00010d12      0x17d src/ASF/common/services/sensors/sensor_platform.o
 .debug_loc     0x00010e8f       0x9b src/ASF/xmega/boards/xmega_a1_xplained/init.o
 .debug_loc     0x00010f2a     0x1329 src/ASF/xmega/drivers/nvm/nvm.o
 .debug_loc     0x00012253      0x218 src/ASF/xmega/drivers/rtc/rtc.o
 .debug_loc     0x0001246b      0x60c src/ASF/xmega/drivers/twi/twim.o
 .debug_loc     0x00012a77      0x41e src/ASF/xmega/drivers/twi/twis.o
 .debug_loc     0x00012e95      0xdfd src/ASF/xmega/drivers/usart/usart.o
 .debug_loc     0x00013c92      0x3ab src/usart_example.o

.debug_macinfo
 *(.debug_macinfo)

.debug_weaknames
 *(.debug_weaknames)

.debug_funcnames
 *(.debug_funcnames)

.debug_typenames
 *(.debug_typenames)

.debug_varnames
 *(.debug_varnames)

.debug_pubtypes
 *(.debug_pubtypes)

.debug_ranges   0x00000000      0xaa8
 *(.debug_ranges)
 .debug_ranges  0x00000000       0x28 src/ASF/common/boards/sensors_xplained/sensors_xplained.o
 .debug_ranges  0x00000028       0x50 src/ASF/common/services/clock/xmega/sysclk.o
 .debug_ranges  0x00000078       0x10 src/ASF/common/services/ioport/xmega/ioport_compat.o
 .debug_ranges  0x00000088       0x40 src/ASF/common/services/sensors/drivers/akm/ak8975.o
 .debug_ranges  0x000000c8       0x40 src/ASF/common/services/sensors/drivers/bosch/bma020.o
 .debug_ranges  0x00000108       0x98 src/ASF/common/services/sensors/drivers/bosch/bma150.o
 .debug_ranges  0x000001a0       0x40 src/ASF/common/services/sensors/drivers/bosch/bma180.o
 .debug_ranges  0x000001e0       0x98 src/ASF/common/services/sensors/drivers/bosch/bma220.o
 .debug_ranges  0x00000278       0xa8 src/ASF/common/services/sensors/drivers/bosch/bma222.o
 .debug_ranges  0x00000320       0x90 src/ASF/common/services/sensors/drivers/bosch/bma250.o
 .debug_ranges  0x000003b0       0x78 src/ASF/common/services/sensors/drivers/bosch/bmp.o
 .debug_ranges  0x00000428       0x78 src/ASF/common/services/sensors/drivers/honeywell/hmc5883l.o
 .debug_ranges  0x000004a0       0x58 src/ASF/common/services/sensors/drivers/invensense/imu3000.o
 .debug_ranges  0x000004f8       0x58 src/ASF/common/services/sensors/drivers/invensense/itg3200.o
 .debug_ranges  0x00000550       0xa8 src/ASF/common/services/sensors/drivers/kionix/kxtf9.o
 .debug_ranges  0x000005f8       0x20 src/ASF/common/services/sensors/drivers/osram/sfh5712.o
 .debug_ranges  0x00000618       0x78 src/ASF/common/services/sensors/drivers/osram/sfh7770.o
 .debug_ranges  0x00000690       0x10 src/ASF/common/services/sensors/physics/physics.o
 .debug_ranges  0x000006a0      0x100 src/ASF/common/services/sensors/sensor.o
 .debug_ranges  0x000007a0       0x38 src/ASF/common/services/sensors/sensor_bus.o
 .debug_ranges  0x000007d8       0x18 src/ASF/common/services/sensors/sensor_nvram.o
 .debug_ranges  0x000007f0       0x38 src/ASF/common/services/sensors/sensor_platform.o
 .debug_ranges  0x00000828       0x30 src/ASF/xmega/boards/xmega_a1_xplained/init.o
 .debug_ranges  0x00000858       0xe0 src/ASF/xmega/drivers/nvm/nvm.o
 .debug_ranges  0x00000938       0x20 src/ASF/xmega/drivers/nvm/nvm_asm.o
 .debug_ranges  0x00000958       0x40 src/ASF/xmega/drivers/rtc/rtc.o
 .debug_ranges  0x00000998       0x58 src/ASF/xmega/drivers/twi/twim.o
 .debug_ranges  0x000009f0       0x50 src/ASF/xmega/drivers/twi/twis.o
 .debug_ranges  0x00000a40       0x50 src/ASF/xmega/drivers/usart/usart.o
 .debug_ranges  0x00000a90       0x18 src/usart_example.o

.debug_macro    0x00000000    0x110c0
 *(.debug_macro)
 .debug_macro   0x00000000      0x24f src/ASF/common/boards/sensors_xplained/sensors_xplained.o
 .debug_macro   0x0000024f      0xa78 src/ASF/common/boards/sensors_xplained/sensors_xplained.o
 .debug_macro   0x00000cc7       0x10 src/ASF/common/boards/sensors_xplained/sensors_xplained.o
 .debug_macro   0x00000cd7      0x1ad src/ASF/common/boards/sensors_xplained/sensors_xplained.o
 .debug_macro   0x00000e84      0x293 src/ASF/common/boards/sensors_xplained/sensors_xplained.o
 .debug_macro   0x00001117       0x9e src/ASF/common/boards/sensors_xplained/sensors_xplained.o
 .debug_macro   0x000011b5     0x5272 src/ASF/common/boards/sensors_xplained/sensors_xplained.o
 .debug_macro   0x00006427       0x9a src/ASF/common/boards/sensors_xplained/sensors_xplained.o
 .debug_macro   0x000064c1       0xf1 src/ASF/common/boards/sensors_xplained/sensors_xplained.o
 .debug_macro   0x000065b2       0x34 src/ASF/common/boards/sensors_xplained/sensors_xplained.o
 .debug_macro   0x000065e6       0x10 src/ASF/common/boards/sensors_xplained/sensors_xplained.o
 .debug_macro   0x000065f6       0x18 src/ASF/common/boards/sensors_xplained/sensors_xplained.o
 .debug_macro   0x0000660e       0x5e src/ASF/common/boards/sensors_xplained/sensors_xplained.o
 .debug_macro   0x0000666c       0x10 src/ASF/common/boards/sensors_xplained/sensors_xplained.o
 .debug_macro   0x0000667c       0x22 src/ASF/common/boards/sensors_xplained/sensors_xplained.o
 .debug_macro   0x0000669e      0x166 src/ASF/common/boards/sensors_xplained/sensors_xplained.o
 .debug_macro   0x00006804       0x1c src/ASF/common/boards/sensors_xplained/sensors_xplained.o
 .debug_macro   0x00006820       0x35 src/ASF/common/boards/sensors_xplained/sensors_xplained.o
 .debug_macro   0x00006855       0x66 src/ASF/common/boards/sensors_xplained/sensors_xplained.o
 .debug_macro   0x000068bb      0x373 src/ASF/common/boards/sensors_xplained/sensors_xplained.o
 .debug_macro   0x00006c2e       0x97 src/ASF/common/boards/sensors_xplained/sensors_xplained.o
 .debug_macro   0x00006cc5       0x17 src/ASF/common/boards/sensors_xplained/sensors_xplained.o
 .debug_macro   0x00006cdc      0x250 src/ASF/common/boards/sensors_xplained/sensors_xplained.o
 .debug_macro   0x00006f2c       0x76 src/ASF/common/boards/sensors_xplained/sensors_xplained.o
 .debug_macro   0x00006fa2       0x16 src/ASF/common/boards/sensors_xplained/sensors_xplained.o
 .debug_macro   0x00006fb8      0x6e0 src/ASF/common/boards/sensors_xplained/sensors_xplained.o
 .debug_macro   0x00007698       0x10 src/ASF/common/boards/sensors_xplained/sensors_xplained.o
 .debug_macro   0x000076a8      0x175 src/ASF/common/boards/sensors_xplained/sensors_xplained.o
 .debug_macro   0x0000781d       0x40 src/ASF/common/boards/sensors_xplained/sensors_xplained.o
 .debug_macro   0x0000785d       0x69 src/ASF/common/boards/sensors_xplained/sensors_xplained.o
 .debug_macro   0x000078c6       0x32 src/ASF/common/boards/sensors_xplained/sensors_xplained.o
 .debug_macro   0x000078f8       0xe4 src/ASF/common/boards/sensors_xplained/sensors_xplained.o
 .debug_macro   0x000079dc      0x1f2 src/ASF/common/boards/sensors_xplained/sensors_xplained.o
 .debug_macro   0x00007bce      0x17a src/ASF/common/boards/sensors_xplained/sensors_xplained.o
 .debug_macro   0x00007d48       0x9a src/ASF/common/boards/sensors_xplained/sensors_xplained.o
 .debug_macro   0x00007de2      0x109 src/ASF/common/boards/sensors_xplained/sensors_xplained.o
 .debug_macro   0x00007eeb       0x40 src/ASF/common/boards/sensors_xplained/sensors_xplained.o
 .debug_macro   0x00007f2b      0x13e src/ASF/common/boards/sensors_xplained/sensors_xplained.o
 .debug_macro   0x00008069       0x10 src/ASF/common/boards/sensors_xplained/sensors_xplained.o
 .debug_macro   0x00008079       0xba src/ASF/common/boards/sensors_xplained/sensors_xplained.o
 .debug_macro   0x00008133       0x2e src/ASF/common/boards/sensors_xplained/sensors_xplained.o
 .debug_macro   0x00008161       0x82 src/ASF/common/boards/sensors_xplained/sensors_xplained.o
 .debug_macro   0x000081e3       0x2f src/ASF/common/boards/sensors_xplained/sensors_xplained.o
 .debug_macro   0x00008212      0x13f src/ASF/common/boards/sensors_xplained/sensors_xplained.o
 .debug_macro   0x00008351      0x23d src/ASF/common/services/clock/xmega/sysclk.o
 .debug_macro   0x0000858e      0x1f8 src/ASF/common/services/clock/xmega/sysclk.o
 .debug_macro   0x00008786      0x193 src/ASF/common/services/ioport/xmega/ioport_compat.o
 .debug_macro   0x00008919      0x3dd src/ASF/common/services/sensors/drivers/akm/ak8975.o
 .debug_macro   0x00008cf6       0x16 src/ASF/common/services/sensors/drivers/akm/ak8975.o
 .debug_macro   0x00008d0c       0x97 src/ASF/common/services/sensors/drivers/akm/ak8975.o
 .debug_macro   0x00008da3       0x16 src/ASF/common/services/sensors/drivers/akm/ak8975.o
 .debug_macro   0x00008db9      0x167 src/ASF/common/services/sensors/drivers/akm/ak8975.o
 .debug_macro   0x00008f20       0xef src/ASF/common/services/sensors/drivers/akm/ak8975.o
 .debug_macro   0x0000900f       0x5a src/ASF/common/services/sensors/drivers/akm/ak8975.o
 .debug_macro   0x00009069       0x34 src/ASF/common/services/sensors/drivers/akm/ak8975.o
 .debug_macro   0x0000909d       0x28 src/ASF/common/services/sensors/drivers/akm/ak8975.o
 .debug_macro   0x000090c5       0x22 src/ASF/common/services/sensors/drivers/akm/ak8975.o
 .debug_macro   0x000090e7       0x26 src/ASF/common/services/sensors/drivers/akm/ak8975.o
 .debug_macro   0x0000910d       0x1c src/ASF/common/services/sensors/drivers/akm/ak8975.o
 .debug_macro   0x00009129       0x5e src/ASF/common/services/sensors/drivers/akm/ak8975.o
 .debug_macro   0x00009187       0x10 src/ASF/common/services/sensors/drivers/akm/ak8975.o
 .debug_macro   0x00009197       0x1c src/ASF/common/services/sensors/drivers/akm/ak8975.o
 .debug_macro   0x000091b3       0xb3 src/ASF/common/services/sensors/drivers/akm/ak8975.o
 .debug_macro   0x00009266       0x5e src/ASF/common/services/sensors/drivers/akm/ak8975.o
 .debug_macro   0x000092c4       0x10 src/ASF/common/services/sensors/drivers/akm/ak8975.o
 .debug_macro   0x000092d4       0x16 src/ASF/common/services/sensors/drivers/akm/ak8975.o
 .debug_macro   0x000092ea       0x22 src/ASF/common/services/sensors/drivers/akm/ak8975.o
 .debug_macro   0x0000930c       0x10 src/ASF/common/services/sensors/drivers/akm/ak8975.o
 .debug_macro   0x0000931c       0x28 src/ASF/common/services/sensors/drivers/akm/ak8975.o
 .debug_macro   0x00009344       0x3a src/ASF/common/services/sensors/drivers/akm/ak8975.o
 .debug_macro   0x0000937e       0x1c src/ASF/common/services/sensors/drivers/akm/ak8975.o
 .debug_macro   0x0000939a       0xe2 src/ASF/common/services/sensors/drivers/akm/ak8975.o
 .debug_macro   0x0000947c      0x3d9 src/ASF/common/services/sensors/drivers/bosch/bma020.o
 .debug_macro   0x00009855       0x64 src/ASF/common/services/sensors/drivers/bosch/bma020.o
 .debug_macro   0x000098b9      0x1a0 src/ASF/common/services/sensors/drivers/bosch/bma020.o
 .debug_macro   0x00009a59       0x10 src/ASF/common/services/sensors/drivers/bosch/bma020.o
 .debug_macro   0x00009a69      0x3d9 src/ASF/common/services/sensors/drivers/bosch/bma150.o
 .debug_macro   0x00009e42      0x276 src/ASF/common/services/sensors/drivers/bosch/bma150.o
 .debug_macro   0x0000a0b8       0x10 src/ASF/common/services/sensors/drivers/bosch/bma150.o
 .debug_macro   0x0000a0c8      0x3d9 src/ASF/common/services/sensors/drivers/bosch/bma180.o
 .debug_macro   0x0000a4a1      0x5bf src/ASF/common/services/sensors/drivers/bosch/bma180.o
 .debug_macro   0x0000aa60       0x10 src/ASF/common/services/sensors/drivers/bosch/bma180.o
 .debug_macro   0x0000aa70      0x3df src/ASF/common/services/sensors/drivers/bosch/bma220.o
 .debug_macro   0x0000ae4f      0x2e4 src/ASF/common/services/sensors/drivers/bosch/bma220.o
 .debug_macro   0x0000b133       0x10 src/ASF/common/services/sensors/drivers/bosch/bma220.o
 .debug_macro   0x0000b143      0x3d9 src/ASF/common/services/sensors/drivers/bosch/bma222.o
 .debug_macro   0x0000b51c      0x333 src/ASF/common/services/sensors/drivers/bosch/bma222.o
 .debug_macro   0x0000b84f       0x10 src/ASF/common/services/sensors/drivers/bosch/bma222.o
 .debug_macro   0x0000b85f      0x3d9 src/ASF/common/services/sensors/drivers/bosch/bma250.o
 .debug_macro   0x0000bc38      0x325 src/ASF/common/services/sensors/drivers/bosch/bma250.o
 .debug_macro   0x0000bf5d       0x10 src/ASF/common/services/sensors/drivers/bosch/bma250.o
 .debug_macro   0x0000bf6d      0x3c1 src/ASF/common/services/sensors/drivers/bosch/bma_axis.inc.o
 .debug_macro   0x0000c32e      0x408 src/ASF/common/services/sensors/drivers/bosch/bmp.o
 .debug_macro   0x0000c736       0x82 src/ASF/common/services/sensors/drivers/bosch/bmp.o
 .debug_macro   0x0000c7b8      0x3f5 src/ASF/common/services/sensors/drivers/honeywell/hmc5883l.o
 .debug_macro   0x0000cbad      0x1b6 src/ASF/common/services/sensors/drivers/honeywell/hmc5883l.o
 .debug_macro   0x0000cd63      0x3c6 src/ASF/common/services/sensors/drivers/invensense/imu3000.o
 .debug_macro   0x0000d129      0x1ab src/ASF/common/services/sensors/drivers/invensense/imu3000.o
 .debug_macro   0x0000d2d4      0x3d2 src/ASF/common/services/sensors/drivers/invensense/itg3200.o
 .debug_macro   0x0000d6a6      0x13b src/ASF/common/services/sensors/drivers/invensense/itg3200.o
 .debug_macro   0x0000d7e1      0x3c0 src/ASF/common/services/sensors/drivers/kionix/kxtf9.o
 .debug_macro   0x0000dba1      0x39f src/ASF/common/services/sensors/drivers/kionix/kxtf9.o
 .debug_macro   0x0000df40      0x3c0 src/ASF/common/services/sensors/drivers/osram/sfh5712.o
 .debug_macro   0x0000e300       0x64 src/ASF/common/services/sensors/drivers/osram/sfh5712.o
 .debug_macro   0x0000e364      0x3ef src/ASF/common/services/sensors/drivers/osram/sfh7770.o
 .debug_macro   0x0000e753      0x2d5 src/ASF/common/services/sensors/drivers/osram/sfh7770.o
 .debug_macro   0x0000ea28       0x94 src/ASF/common/services/sensors/physics/physics.o
 .debug_macro   0x0000eabc      0x10e src/ASF/common/services/sensors/physics/physics.o
 .debug_macro   0x0000ebca      0x3b7 src/ASF/common/services/sensors/sensor.o
 .debug_macro   0x0000ef81      0x3d6 src/ASF/common/services/sensors/sensor_bus.o
 .debug_macro   0x0000f357       0x57 src/ASF/common/services/sensors/sensor_bus.o
 .debug_macro   0x0000f3ae      0x273 src/ASF/common/services/sensors/sensor_nvram.o
 .debug_macro   0x0000f621       0x20 src/ASF/common/services/sensors/sensor_nvram.o
 .debug_macro   0x0000f641       0x16 src/ASF/common/services/sensors/sensor_nvram.o
 .debug_macro   0x0000f657      0x3f9 src/ASF/common/services/sensors/sensor_platform.o
 .debug_macro   0x0000fa50       0x51 src/ASF/common/services/sensors/sensor_platform.o
 .debug_macro   0x0000faa1       0x5e src/ASF/common/services/sensors/sensor_platform.o
 .debug_macro   0x0000faff      0x1a3 src/ASF/common/services/sleepmgr/xmega/sleepmgr.o
 .debug_macro   0x0000fca2      0x1f1 src/ASF/xmega/boards/xmega_a1_xplained/init.o
 .debug_macro   0x0000fe93      0x198 src/ASF/xmega/drivers/nvm/nvm.o
 .debug_macro   0x0001002b      0x292 src/ASF/xmega/drivers/rtc/rtc.o
 .debug_macro   0x000102bd      0x198 src/ASF/xmega/drivers/twi/twim.o
 .debug_macro   0x00010455      0x185 src/ASF/xmega/drivers/twi/twis.o
 .debug_macro   0x000105da       0x22 src/ASF/xmega/drivers/twi/twis.o
 .debug_macro   0x000105fc      0x266 src/ASF/xmega/drivers/usart/usart.o
 .debug_macro   0x00010862      0x299 src/ASF/xmega/drivers/usart/usart.o
 .debug_macro   0x00010afb       0x34 src/ASF/xmega/drivers/usart/usart.o
 .debug_macro   0x00010b2f      0x41c src/usart_example.o
 .debug_macro   0x00010f4b       0x22 src/usart_example.o
 .debug_macro   0x00010f6d       0x58 src/usart_example.o
 .debug_macro   0x00010fc5       0x10 src/usart_example.o
 .debug_macro   0x00010fd5       0xeb src/usart_example.o
OUTPUT(USART_EXAMPLE1.elf elf32-avr)
LOAD linker stubs

.BOOT           0x00020000        0x0
