Archive member included because of file (symbol)

c:/program files (x86)/atmel/atmel toolchain/avr8 gcc/native/3.4.1056/avr8-gnu-toolchain/bin/../lib/gcc/avr/4.8.1/avrxmega7\libgcc.a(_udivmodsi4.o)
                              src/rtc_example.o (__udivmodsi4)
c:/program files (x86)/atmel/atmel toolchain/avr8 gcc/native/3.4.1056/avr8-gnu-toolchain/bin/../lib/gcc/avr/4.8.1/avrxmega7\libgcc.a(_exit.o)
                              c:/program files (x86)/atmel/atmel toolchain/avr8 gcc/native/3.4.1056/avr8-gnu-toolchain/bin/../lib/gcc/avr/4.8.1/../../../../avr/lib/avrxmega7/crtx128a1.o (exit)
c:/program files (x86)/atmel/atmel toolchain/avr8 gcc/native/3.4.1056/avr8-gnu-toolchain/bin/../lib/gcc/avr/4.8.1/avrxmega7\libgcc.a(_copy_data.o)
                              src/ASF/common/services/sleepmgr/xmega/sleepmgr.o (__do_copy_data)
c:/program files (x86)/atmel/atmel toolchain/avr8 gcc/native/3.4.1056/avr8-gnu-toolchain/bin/../lib/gcc/avr/4.8.1/avrxmega7\libgcc.a(_clear_bss.o)
                              src/ASF/common/services/sleepmgr/xmega/sleepmgr.o (__do_clear_bss)

Allocating common symbols
Common symbol       size              file

rtc_data            0x8               src/ASF/xmega/drivers/rtc/rtc.o
sleepmgr_locks      0x6               src/ASF/common/services/sleepmgr/xmega/sleepmgr.o

Discarded input sections

 .bss           0x00000000        0x0 c:/program files (x86)/atmel/atmel toolchain/avr8 gcc/native/3.4.1056/avr8-gnu-toolchain/bin/../lib/gcc/avr/4.8.1/../../../../avr/lib/avrxmega7/crtx128a1.o
 .group         0x00000000        0x8 src/ASF/common/services/clock/xmega/sysclk.o
 .group         0x00000000        0x8 src/ASF/common/services/clock/xmega/sysclk.o
 .group         0x00000000        0x8 src/ASF/common/services/clock/xmega/sysclk.o
 .group         0x00000000        0x8 src/ASF/common/services/clock/xmega/sysclk.o
 .group         0x00000000        0x8 src/ASF/common/services/clock/xmega/sysclk.o
 .group         0x00000000        0x8 src/ASF/common/services/clock/xmega/sysclk.o
 .group         0x00000000        0x8 src/ASF/common/services/clock/xmega/sysclk.o
 .group         0x00000000        0x8 src/ASF/common/services/clock/xmega/sysclk.o
 .group         0x00000000        0x8 src/ASF/common/services/clock/xmega/sysclk.o
 .group         0x00000000        0x8 src/ASF/common/services/clock/xmega/sysclk.o
 .group         0x00000000        0x8 src/ASF/common/services/clock/xmega/sysclk.o
 .group         0x00000000        0x8 src/ASF/common/services/clock/xmega/sysclk.o
 .group         0x00000000        0x8 src/ASF/common/services/clock/xmega/sysclk.o
 .group         0x00000000        0x8 src/ASF/common/services/clock/xmega/sysclk.o
 .group         0x00000000        0x8 src/ASF/common/services/clock/xmega/sysclk.o
 .group         0x00000000        0x8 src/ASF/common/services/clock/xmega/sysclk.o
 .group         0x00000000        0x8 src/ASF/common/services/clock/xmega/sysclk.o
 .group         0x00000000        0x8 src/ASF/common/services/clock/xmega/sysclk.o
 .group         0x00000000        0x8 src/ASF/common/services/clock/xmega/sysclk.o
 .group         0x00000000        0x8 src/ASF/common/services/clock/xmega/sysclk.o
 .group         0x00000000        0x8 src/ASF/common/services/clock/xmega/sysclk.o
 .group         0x00000000        0x8 src/ASF/common/services/clock/xmega/sysclk.o
 .group         0x00000000        0x8 src/ASF/common/services/clock/xmega/sysclk.o
 .group         0x00000000        0x8 src/ASF/common/services/clock/xmega/sysclk.o
 .group         0x00000000        0x8 src/ASF/common/services/clock/xmega/sysclk.o
 .group         0x00000000        0x8 src/ASF/common/services/clock/xmega/sysclk.o
 .group         0x00000000        0x8 src/ASF/common/services/clock/xmega/sysclk.o
 .group         0x00000000        0x8 src/ASF/common/services/clock/xmega/sysclk.o
 .group         0x00000000        0x8 src/ASF/common/services/clock/xmega/sysclk.o
 .group         0x00000000        0x8 src/ASF/common/services/clock/xmega/sysclk.o
 .group         0x00000000        0x8 src/ASF/common/services/clock/xmega/sysclk.o
 .group         0x00000000        0x8 src/ASF/common/services/clock/xmega/sysclk.o
 .group         0x00000000        0x8 src/ASF/common/services/clock/xmega/sysclk.o
 .group         0x00000000        0x8 src/ASF/common/services/clock/xmega/sysclk.o
 .group         0x00000000        0x8 src/ASF/common/services/clock/xmega/sysclk.o
 .group         0x00000000        0x8 src/ASF/common/services/clock/xmega/sysclk.o
 .group         0x00000000        0x8 src/ASF/common/services/clock/xmega/sysclk.o
 .text          0x00000000        0x0 src/ASF/common/services/clock/xmega/sysclk.o
 .bss           0x00000000        0x0 src/ASF/common/services/clock/xmega/sysclk.o
 .text.sysclk_disable_module
                0x00000000       0x16 src/ASF/common/services/clock/xmega/sysclk.o
 .group         0x00000000        0x8 src/ASF/common/services/ioport/xmega/ioport_compat.o
 .group         0x00000000        0x8 src/ASF/common/services/ioport/xmega/ioport_compat.o
 .group         0x00000000        0x8 src/ASF/common/services/ioport/xmega/ioport_compat.o
 .group         0x00000000        0x8 src/ASF/common/services/ioport/xmega/ioport_compat.o
 .group         0x00000000        0x8 src/ASF/common/services/ioport/xmega/ioport_compat.o
 .group         0x00000000        0x8 src/ASF/common/services/ioport/xmega/ioport_compat.o
 .group         0x00000000        0x8 src/ASF/common/services/ioport/xmega/ioport_compat.o
 .group         0x00000000        0x8 src/ASF/common/services/ioport/xmega/ioport_compat.o
 .group         0x00000000        0x8 src/ASF/common/services/ioport/xmega/ioport_compat.o
 .group         0x00000000        0x8 src/ASF/common/services/ioport/xmega/ioport_compat.o
 .group         0x00000000        0x8 src/ASF/common/services/ioport/xmega/ioport_compat.o
 .group         0x00000000        0x8 src/ASF/common/services/ioport/xmega/ioport_compat.o
 .group         0x00000000        0x8 src/ASF/common/services/ioport/xmega/ioport_compat.o
 .group         0x00000000        0x8 src/ASF/common/services/ioport/xmega/ioport_compat.o
 .group         0x00000000        0x8 src/ASF/common/services/ioport/xmega/ioport_compat.o
 .group         0x00000000        0x8 src/ASF/common/services/ioport/xmega/ioport_compat.o
 .group         0x00000000        0x8 src/ASF/common/services/ioport/xmega/ioport_compat.o
 .group         0x00000000        0x8 src/ASF/common/services/ioport/xmega/ioport_compat.o
 .group         0x00000000        0x8 src/ASF/common/services/ioport/xmega/ioport_compat.o
 .group         0x00000000        0x8 src/ASF/common/services/ioport/xmega/ioport_compat.o
 .group         0x00000000        0x8 src/ASF/common/services/ioport/xmega/ioport_compat.o
 .group         0x00000000        0x8 src/ASF/common/services/ioport/xmega/ioport_compat.o
 .group         0x00000000        0x8 src/ASF/common/services/ioport/xmega/ioport_compat.o
 .group         0x00000000        0x8 src/ASF/common/services/ioport/xmega/ioport_compat.o
 .group         0x00000000        0x8 src/ASF/common/services/ioport/xmega/ioport_compat.o
 .group         0x00000000        0x8 src/ASF/common/services/ioport/xmega/ioport_compat.o
 .group         0x00000000        0x8 src/ASF/common/services/ioport/xmega/ioport_compat.o
 .group         0x00000000        0x8 src/ASF/common/services/ioport/xmega/ioport_compat.o
 .group         0x00000000        0x8 src/ASF/common/services/ioport/xmega/ioport_compat.o
 .group         0x00000000        0x8 src/ASF/common/services/ioport/xmega/ioport_compat.o
 .group         0x00000000        0x8 src/ASF/common/services/ioport/xmega/ioport_compat.o
 .group         0x00000000        0x8 src/ASF/common/services/ioport/xmega/ioport_compat.o
 .group         0x00000000        0x8 src/ASF/common/services/ioport/xmega/ioport_compat.o
 .text          0x00000000        0x0 src/ASF/common/services/ioport/xmega/ioport_compat.o
 .bss           0x00000000        0x0 src/ASF/common/services/ioport/xmega/ioport_compat.o
 .debug_macro   0x00000000      0xa6c src/ASF/common/services/ioport/xmega/ioport_compat.o
 .debug_macro   0x00000000      0x373 src/ASF/common/services/ioport/xmega/ioport_compat.o
 .debug_macro   0x00000000       0x10 src/ASF/common/services/ioport/xmega/ioport_compat.o
 .debug_macro   0x00000000      0x1ad src/ASF/common/services/ioport/xmega/ioport_compat.o
 .debug_macro   0x00000000      0x293 src/ASF/common/services/ioport/xmega/ioport_compat.o
 .debug_macro   0x00000000       0x9e src/ASF/common/services/ioport/xmega/ioport_compat.o
 .debug_macro   0x00000000     0x5272 src/ASF/common/services/ioport/xmega/ioport_compat.o
 .debug_macro   0x00000000       0x9a src/ASF/common/services/ioport/xmega/ioport_compat.o
 .debug_macro   0x00000000       0xf1 src/ASF/common/services/ioport/xmega/ioport_compat.o
 .debug_macro   0x00000000       0x34 src/ASF/common/services/ioport/xmega/ioport_compat.o
 .debug_macro   0x00000000       0x10 src/ASF/common/services/ioport/xmega/ioport_compat.o
 .debug_macro   0x00000000       0x18 src/ASF/common/services/ioport/xmega/ioport_compat.o
 .debug_macro   0x00000000       0x5e src/ASF/common/services/ioport/xmega/ioport_compat.o
 .debug_macro   0x00000000       0x10 src/ASF/common/services/ioport/xmega/ioport_compat.o
 .debug_macro   0x00000000       0x22 src/ASF/common/services/ioport/xmega/ioport_compat.o
 .debug_macro   0x00000000      0x166 src/ASF/common/services/ioport/xmega/ioport_compat.o
 .debug_macro   0x00000000       0x1c src/ASF/common/services/ioport/xmega/ioport_compat.o
 .debug_macro   0x00000000       0x35 src/ASF/common/services/ioport/xmega/ioport_compat.o
 .debug_macro   0x00000000       0x66 src/ASF/common/services/ioport/xmega/ioport_compat.o
 .debug_macro   0x00000000       0x97 src/ASF/common/services/ioport/xmega/ioport_compat.o
 .debug_macro   0x00000000       0x17 src/ASF/common/services/ioport/xmega/ioport_compat.o
 .debug_macro   0x00000000      0x250 src/ASF/common/services/ioport/xmega/ioport_compat.o
 .debug_macro   0x00000000       0x76 src/ASF/common/services/ioport/xmega/ioport_compat.o
 .debug_macro   0x00000000       0x16 src/ASF/common/services/ioport/xmega/ioport_compat.o
 .debug_macro   0x00000000      0x6e0 src/ASF/common/services/ioport/xmega/ioport_compat.o
 .debug_macro   0x00000000       0x10 src/ASF/common/services/ioport/xmega/ioport_compat.o
 .debug_macro   0x00000000      0x175 src/ASF/common/services/ioport/xmega/ioport_compat.o
 .debug_macro   0x00000000       0x40 src/ASF/common/services/ioport/xmega/ioport_compat.o
 .debug_macro   0x00000000       0x69 src/ASF/common/services/ioport/xmega/ioport_compat.o
 .debug_macro   0x00000000       0x32 src/ASF/common/services/ioport/xmega/ioport_compat.o
 .debug_macro   0x00000000       0xe4 src/ASF/common/services/ioport/xmega/ioport_compat.o
 .group         0x00000000        0x8 src/ASF/common/services/sleepmgr/xmega/sleepmgr.o
 .group         0x00000000        0x8 src/ASF/common/services/sleepmgr/xmega/sleepmgr.o
 .group         0x00000000        0x8 src/ASF/common/services/sleepmgr/xmega/sleepmgr.o
 .group         0x00000000        0x8 src/ASF/common/services/sleepmgr/xmega/sleepmgr.o
 .group         0x00000000        0x8 src/ASF/common/services/sleepmgr/xmega/sleepmgr.o
 .group         0x00000000        0x8 src/ASF/common/services/sleepmgr/xmega/sleepmgr.o
 .group         0x00000000        0x8 src/ASF/common/services/sleepmgr/xmega/sleepmgr.o
 .group         0x00000000        0x8 src/ASF/common/services/sleepmgr/xmega/sleepmgr.o
 .group         0x00000000        0x8 src/ASF/common/services/sleepmgr/xmega/sleepmgr.o
 .group         0x00000000        0x8 src/ASF/common/services/sleepmgr/xmega/sleepmgr.o
 .group         0x00000000        0x8 src/ASF/common/services/sleepmgr/xmega/sleepmgr.o
 .group         0x00000000        0x8 src/ASF/common/services/sleepmgr/xmega/sleepmgr.o
 .group         0x00000000        0x8 src/ASF/common/services/sleepmgr/xmega/sleepmgr.o
 .group         0x00000000        0x8 src/ASF/common/services/sleepmgr/xmega/sleepmgr.o
 .group         0x00000000        0x8 src/ASF/common/services/sleepmgr/xmega/sleepmgr.o
 .group         0x00000000        0x8 src/ASF/common/services/sleepmgr/xmega/sleepmgr.o
 .group         0x00000000        0x8 src/ASF/common/services/sleepmgr/xmega/sleepmgr.o
 .group         0x00000000        0x8 src/ASF/common/services/sleepmgr/xmega/sleepmgr.o
 .group         0x00000000        0x8 src/ASF/common/services/sleepmgr/xmega/sleepmgr.o
 .group         0x00000000        0x8 src/ASF/common/services/sleepmgr/xmega/sleepmgr.o
 .group         0x00000000        0x8 src/ASF/common/services/sleepmgr/xmega/sleepmgr.o
 .group         0x00000000        0x8 src/ASF/common/services/sleepmgr/xmega/sleepmgr.o
 .group         0x00000000        0x8 src/ASF/common/services/sleepmgr/xmega/sleepmgr.o
 .group         0x00000000        0x8 src/ASF/common/services/sleepmgr/xmega/sleepmgr.o
 .group         0x00000000        0x8 src/ASF/common/services/sleepmgr/xmega/sleepmgr.o
 .group         0x00000000        0x8 src/ASF/common/services/sleepmgr/xmega/sleepmgr.o
 .group         0x00000000        0x8 src/ASF/common/services/sleepmgr/xmega/sleepmgr.o
 .group         0x00000000        0x8 src/ASF/common/services/sleepmgr/xmega/sleepmgr.o
 .group         0x00000000        0x8 src/ASF/common/services/sleepmgr/xmega/sleepmgr.o
 .group         0x00000000        0x8 src/ASF/common/services/sleepmgr/xmega/sleepmgr.o
 .group         0x00000000        0x8 src/ASF/common/services/sleepmgr/xmega/sleepmgr.o
 .group         0x00000000        0x8 src/ASF/common/services/sleepmgr/xmega/sleepmgr.o
 .group         0x00000000        0x8 src/ASF/common/services/sleepmgr/xmega/sleepmgr.o
 .text          0x00000000        0x0 src/ASF/common/services/sleepmgr/xmega/sleepmgr.o
 .bss           0x00000000        0x0 src/ASF/common/services/sleepmgr/xmega/sleepmgr.o
 .debug_macro   0x00000000      0xa6c src/ASF/common/services/sleepmgr/xmega/sleepmgr.o
 .debug_macro   0x00000000       0x10 src/ASF/common/services/sleepmgr/xmega/sleepmgr.o
 .debug_macro   0x00000000      0x1ad src/ASF/common/services/sleepmgr/xmega/sleepmgr.o
 .debug_macro   0x00000000      0x293 src/ASF/common/services/sleepmgr/xmega/sleepmgr.o
 .debug_macro   0x00000000       0x9e src/ASF/common/services/sleepmgr/xmega/sleepmgr.o
 .debug_macro   0x00000000     0x5272 src/ASF/common/services/sleepmgr/xmega/sleepmgr.o
 .debug_macro   0x00000000       0x9a src/ASF/common/services/sleepmgr/xmega/sleepmgr.o
 .debug_macro   0x00000000       0xf1 src/ASF/common/services/sleepmgr/xmega/sleepmgr.o
 .debug_macro   0x00000000       0x34 src/ASF/common/services/sleepmgr/xmega/sleepmgr.o
 .debug_macro   0x00000000       0x10 src/ASF/common/services/sleepmgr/xmega/sleepmgr.o
 .debug_macro   0x00000000       0x18 src/ASF/common/services/sleepmgr/xmega/sleepmgr.o
 .debug_macro   0x00000000       0x5e src/ASF/common/services/sleepmgr/xmega/sleepmgr.o
 .debug_macro   0x00000000       0x10 src/ASF/common/services/sleepmgr/xmega/sleepmgr.o
 .debug_macro   0x00000000       0x22 src/ASF/common/services/sleepmgr/xmega/sleepmgr.o
 .debug_macro   0x00000000      0x166 src/ASF/common/services/sleepmgr/xmega/sleepmgr.o
 .debug_macro   0x00000000       0x1c src/ASF/common/services/sleepmgr/xmega/sleepmgr.o
 .debug_macro   0x00000000       0x35 src/ASF/common/services/sleepmgr/xmega/sleepmgr.o
 .debug_macro   0x00000000       0x66 src/ASF/common/services/sleepmgr/xmega/sleepmgr.o
 .debug_macro   0x00000000      0x373 src/ASF/common/services/sleepmgr/xmega/sleepmgr.o
 .debug_macro   0x00000000       0x97 src/ASF/common/services/sleepmgr/xmega/sleepmgr.o
 .debug_macro   0x00000000       0x17 src/ASF/common/services/sleepmgr/xmega/sleepmgr.o
 .debug_macro   0x00000000      0x250 src/ASF/common/services/sleepmgr/xmega/sleepmgr.o
 .debug_macro   0x00000000       0x76 src/ASF/common/services/sleepmgr/xmega/sleepmgr.o
 .debug_macro   0x00000000       0x16 src/ASF/common/services/sleepmgr/xmega/sleepmgr.o
 .debug_macro   0x00000000      0x6e0 src/ASF/common/services/sleepmgr/xmega/sleepmgr.o
 .debug_macro   0x00000000       0x10 src/ASF/common/services/sleepmgr/xmega/sleepmgr.o
 .debug_macro   0x00000000      0x175 src/ASF/common/services/sleepmgr/xmega/sleepmgr.o
 .debug_macro   0x00000000       0x40 src/ASF/common/services/sleepmgr/xmega/sleepmgr.o
 .debug_macro   0x00000000       0x69 src/ASF/common/services/sleepmgr/xmega/sleepmgr.o
 .debug_macro   0x00000000       0x32 src/ASF/common/services/sleepmgr/xmega/sleepmgr.o
 .debug_macro   0x00000000       0xe4 src/ASF/common/services/sleepmgr/xmega/sleepmgr.o
 .group         0x00000000        0x8 src/ASF/xmega/boards/xmega_a1_xplained/init.o
 .group         0x00000000        0x8 src/ASF/xmega/boards/xmega_a1_xplained/init.o
 .group         0x00000000        0x8 src/ASF/xmega/boards/xmega_a1_xplained/init.o
 .group         0x00000000        0x8 src/ASF/xmega/boards/xmega_a1_xplained/init.o
 .group         0x00000000        0x8 src/ASF/xmega/boards/xmega_a1_xplained/init.o
 .group         0x00000000        0x8 src/ASF/xmega/boards/xmega_a1_xplained/init.o
 .group         0x00000000        0x8 src/ASF/xmega/boards/xmega_a1_xplained/init.o
 .group         0x00000000        0x8 src/ASF/xmega/boards/xmega_a1_xplained/init.o
 .group         0x00000000        0x8 src/ASF/xmega/boards/xmega_a1_xplained/init.o
 .group         0x00000000        0x8 src/ASF/xmega/boards/xmega_a1_xplained/init.o
 .group         0x00000000        0x8 src/ASF/xmega/boards/xmega_a1_xplained/init.o
 .group         0x00000000        0x8 src/ASF/xmega/boards/xmega_a1_xplained/init.o
 .group         0x00000000        0x8 src/ASF/xmega/boards/xmega_a1_xplained/init.o
 .group         0x00000000        0x8 src/ASF/xmega/boards/xmega_a1_xplained/init.o
 .group         0x00000000        0x8 src/ASF/xmega/boards/xmega_a1_xplained/init.o
 .group         0x00000000        0x8 src/ASF/xmega/boards/xmega_a1_xplained/init.o
 .group         0x00000000        0x8 src/ASF/xmega/boards/xmega_a1_xplained/init.o
 .group         0x00000000        0x8 src/ASF/xmega/boards/xmega_a1_xplained/init.o
 .group         0x00000000        0x8 src/ASF/xmega/boards/xmega_a1_xplained/init.o
 .group         0x00000000        0x8 src/ASF/xmega/boards/xmega_a1_xplained/init.o
 .group         0x00000000        0x8 src/ASF/xmega/boards/xmega_a1_xplained/init.o
 .group         0x00000000        0x8 src/ASF/xmega/boards/xmega_a1_xplained/init.o
 .group         0x00000000        0x8 src/ASF/xmega/boards/xmega_a1_xplained/init.o
 .group         0x00000000        0x8 src/ASF/xmega/boards/xmega_a1_xplained/init.o
 .group         0x00000000        0x8 src/ASF/xmega/boards/xmega_a1_xplained/init.o
 .group         0x00000000        0x8 src/ASF/xmega/boards/xmega_a1_xplained/init.o
 .group         0x00000000        0x8 src/ASF/xmega/boards/xmega_a1_xplained/init.o
 .group         0x00000000        0x8 src/ASF/xmega/boards/xmega_a1_xplained/init.o
 .group         0x00000000        0x8 src/ASF/xmega/boards/xmega_a1_xplained/init.o
 .group         0x00000000        0x8 src/ASF/xmega/boards/xmega_a1_xplained/init.o
 .group         0x00000000        0x8 src/ASF/xmega/boards/xmega_a1_xplained/init.o
 .group         0x00000000        0x8 src/ASF/xmega/boards/xmega_a1_xplained/init.o
 .group         0x00000000        0x8 src/ASF/xmega/boards/xmega_a1_xplained/init.o
 .group         0x00000000        0x8 src/ASF/xmega/boards/xmega_a1_xplained/init.o
 .group         0x00000000        0x8 src/ASF/xmega/boards/xmega_a1_xplained/init.o
 .text          0x00000000        0x0 src/ASF/xmega/boards/xmega_a1_xplained/init.o
 .bss           0x00000000        0x0 src/ASF/xmega/boards/xmega_a1_xplained/init.o
 .debug_macro   0x00000000      0xa6c src/ASF/xmega/boards/xmega_a1_xplained/init.o
 .debug_macro   0x00000000       0x10 src/ASF/xmega/boards/xmega_a1_xplained/init.o
 .debug_macro   0x00000000      0x1ad src/ASF/xmega/boards/xmega_a1_xplained/init.o
 .debug_macro   0x00000000      0x293 src/ASF/xmega/boards/xmega_a1_xplained/init.o
 .debug_macro   0x00000000       0x9e src/ASF/xmega/boards/xmega_a1_xplained/init.o
 .debug_macro   0x00000000     0x5272 src/ASF/xmega/boards/xmega_a1_xplained/init.o
 .debug_macro   0x00000000       0x9a src/ASF/xmega/boards/xmega_a1_xplained/init.o
 .debug_macro   0x00000000       0xf1 src/ASF/xmega/boards/xmega_a1_xplained/init.o
 .debug_macro   0x00000000       0x34 src/ASF/xmega/boards/xmega_a1_xplained/init.o
 .debug_macro   0x00000000       0x10 src/ASF/xmega/boards/xmega_a1_xplained/init.o
 .debug_macro   0x00000000       0x18 src/ASF/xmega/boards/xmega_a1_xplained/init.o
 .debug_macro   0x00000000       0x5e src/ASF/xmega/boards/xmega_a1_xplained/init.o
 .debug_macro   0x00000000       0x10 src/ASF/xmega/boards/xmega_a1_xplained/init.o
 .debug_macro   0x00000000       0x22 src/ASF/xmega/boards/xmega_a1_xplained/init.o
 .debug_macro   0x00000000      0x166 src/ASF/xmega/boards/xmega_a1_xplained/init.o
 .debug_macro   0x00000000       0x1c src/ASF/xmega/boards/xmega_a1_xplained/init.o
 .debug_macro   0x00000000       0x35 src/ASF/xmega/boards/xmega_a1_xplained/init.o
 .debug_macro   0x00000000       0x66 src/ASF/xmega/boards/xmega_a1_xplained/init.o
 .debug_macro   0x00000000      0x373 src/ASF/xmega/boards/xmega_a1_xplained/init.o
 .debug_macro   0x00000000       0x97 src/ASF/xmega/boards/xmega_a1_xplained/init.o
 .debug_macro   0x00000000       0x17 src/ASF/xmega/boards/xmega_a1_xplained/init.o
 .debug_macro   0x00000000      0x250 src/ASF/xmega/boards/xmega_a1_xplained/init.o
 .debug_macro   0x00000000       0x76 src/ASF/xmega/boards/xmega_a1_xplained/init.o
 .debug_macro   0x00000000       0x16 src/ASF/xmega/boards/xmega_a1_xplained/init.o
 .debug_macro   0x00000000      0x6e0 src/ASF/xmega/boards/xmega_a1_xplained/init.o
 .debug_macro   0x00000000       0x10 src/ASF/xmega/boards/xmega_a1_xplained/init.o
 .debug_macro   0x00000000      0x175 src/ASF/xmega/boards/xmega_a1_xplained/init.o
 .debug_macro   0x00000000       0x40 src/ASF/xmega/boards/xmega_a1_xplained/init.o
 .debug_macro   0x00000000       0x69 src/ASF/xmega/boards/xmega_a1_xplained/init.o
 .debug_macro   0x00000000       0x32 src/ASF/xmega/boards/xmega_a1_xplained/init.o
 .debug_macro   0x00000000       0xe4 src/ASF/xmega/boards/xmega_a1_xplained/init.o
 .debug_macro   0x00000000      0x17a src/ASF/xmega/boards/xmega_a1_xplained/init.o
 .debug_macro   0x00000000       0x9a src/ASF/xmega/boards/xmega_a1_xplained/init.o
 .debug_macro   0x00000000      0x109 src/ASF/xmega/boards/xmega_a1_xplained/init.o
 .text          0x00000000        0x0 src/ASF/xmega/drivers/cpu/ccp.o
 .bss           0x00000000        0x0 src/ASF/xmega/drivers/cpu/ccp.o
 .text.ccp_write_io
                0x00000000        0xc src/ASF/xmega/drivers/cpu/ccp.o
 .group         0x00000000        0x8 src/ASF/xmega/drivers/rtc/rtc.o
 .group         0x00000000        0x8 src/ASF/xmega/drivers/rtc/rtc.o
 .group         0x00000000        0x8 src/ASF/xmega/drivers/rtc/rtc.o
 .group         0x00000000        0x8 src/ASF/xmega/drivers/rtc/rtc.o
 .group         0x00000000        0x8 src/ASF/xmega/drivers/rtc/rtc.o
 .group         0x00000000        0x8 src/ASF/xmega/drivers/rtc/rtc.o
 .group         0x00000000        0x8 src/ASF/xmega/drivers/rtc/rtc.o
 .group         0x00000000        0x8 src/ASF/xmega/drivers/rtc/rtc.o
 .group         0x00000000        0x8 src/ASF/xmega/drivers/rtc/rtc.o
 .group         0x00000000        0x8 src/ASF/xmega/drivers/rtc/rtc.o
 .group         0x00000000        0x8 src/ASF/xmega/drivers/rtc/rtc.o
 .group         0x00000000        0x8 src/ASF/xmega/drivers/rtc/rtc.o
 .group         0x00000000        0x8 src/ASF/xmega/drivers/rtc/rtc.o
 .group         0x00000000        0x8 src/ASF/xmega/drivers/rtc/rtc.o
 .group         0x00000000        0x8 src/ASF/xmega/drivers/rtc/rtc.o
 .group         0x00000000        0x8 src/ASF/xmega/drivers/rtc/rtc.o
 .group         0x00000000        0x8 src/ASF/xmega/drivers/rtc/rtc.o
 .group         0x00000000        0x8 src/ASF/xmega/drivers/rtc/rtc.o
 .group         0x00000000        0x8 src/ASF/xmega/drivers/rtc/rtc.o
 .group         0x00000000        0x8 src/ASF/xmega/drivers/rtc/rtc.o
 .group         0x00000000        0x8 src/ASF/xmega/drivers/rtc/rtc.o
 .group         0x00000000        0x8 src/ASF/xmega/drivers/rtc/rtc.o
 .group         0x00000000        0x8 src/ASF/xmega/drivers/rtc/rtc.o
 .group         0x00000000        0x8 src/ASF/xmega/drivers/rtc/rtc.o
 .group         0x00000000        0x8 src/ASF/xmega/drivers/rtc/rtc.o
 .group         0x00000000        0x8 src/ASF/xmega/drivers/rtc/rtc.o
 .group         0x00000000        0x8 src/ASF/xmega/drivers/rtc/rtc.o
 .group         0x00000000        0x8 src/ASF/xmega/drivers/rtc/rtc.o
 .group         0x00000000        0x8 src/ASF/xmega/drivers/rtc/rtc.o
 .group         0x00000000        0x8 src/ASF/xmega/drivers/rtc/rtc.o
 .group         0x00000000        0x8 src/ASF/xmega/drivers/rtc/rtc.o
 .group         0x00000000        0x8 src/ASF/xmega/drivers/rtc/rtc.o
 .group         0x00000000        0x8 src/ASF/xmega/drivers/rtc/rtc.o
 .group         0x00000000        0x8 src/ASF/xmega/drivers/rtc/rtc.o
 .group         0x00000000        0x8 src/ASF/xmega/drivers/rtc/rtc.o
 .group         0x00000000        0x8 src/ASF/xmega/drivers/rtc/rtc.o
 .group         0x00000000        0x8 src/ASF/xmega/drivers/rtc/rtc.o
 .group         0x00000000        0x8 src/ASF/xmega/drivers/rtc/rtc.o
 .group         0x00000000        0x8 src/ASF/xmega/drivers/rtc/rtc.o
 .group         0x00000000        0x8 src/ASF/xmega/drivers/rtc/rtc.o
 .text          0x00000000        0x0 src/ASF/xmega/drivers/rtc/rtc.o
 .bss           0x00000000        0x0 src/ASF/xmega/drivers/rtc/rtc.o
 .text.rtc_alarm_has_triggered
                0x00000000       0x12 src/ASF/xmega/drivers/rtc/rtc.o
 .text.rtc_set_time
                0x00000000       0x24 src/ASF/xmega/drivers/rtc/rtc.o
 .debug_macro   0x00000000      0xa6c src/ASF/xmega/drivers/rtc/rtc.o
 .debug_macro   0x00000000       0x10 src/ASF/xmega/drivers/rtc/rtc.o
 .debug_macro   0x00000000      0x1ad src/ASF/xmega/drivers/rtc/rtc.o
 .debug_macro   0x00000000      0x293 src/ASF/xmega/drivers/rtc/rtc.o
 .debug_macro   0x00000000       0x9e src/ASF/xmega/drivers/rtc/rtc.o
 .debug_macro   0x00000000     0x5272 src/ASF/xmega/drivers/rtc/rtc.o
 .debug_macro   0x00000000       0x9a src/ASF/xmega/drivers/rtc/rtc.o
 .debug_macro   0x00000000       0xf1 src/ASF/xmega/drivers/rtc/rtc.o
 .debug_macro   0x00000000       0x34 src/ASF/xmega/drivers/rtc/rtc.o
 .debug_macro   0x00000000       0x10 src/ASF/xmega/drivers/rtc/rtc.o
 .debug_macro   0x00000000       0x18 src/ASF/xmega/drivers/rtc/rtc.o
 .debug_macro   0x00000000       0x5e src/ASF/xmega/drivers/rtc/rtc.o
 .debug_macro   0x00000000       0x10 src/ASF/xmega/drivers/rtc/rtc.o
 .debug_macro   0x00000000       0x22 src/ASF/xmega/drivers/rtc/rtc.o
 .debug_macro   0x00000000      0x166 src/ASF/xmega/drivers/rtc/rtc.o
 .debug_macro   0x00000000       0x1c src/ASF/xmega/drivers/rtc/rtc.o
 .debug_macro   0x00000000       0x35 src/ASF/xmega/drivers/rtc/rtc.o
 .debug_macro   0x00000000       0x66 src/ASF/xmega/drivers/rtc/rtc.o
 .debug_macro   0x00000000      0x373 src/ASF/xmega/drivers/rtc/rtc.o
 .debug_macro   0x00000000       0x97 src/ASF/xmega/drivers/rtc/rtc.o
 .debug_macro   0x00000000       0x17 src/ASF/xmega/drivers/rtc/rtc.o
 .debug_macro   0x00000000      0x250 src/ASF/xmega/drivers/rtc/rtc.o
 .debug_macro   0x00000000       0x76 src/ASF/xmega/drivers/rtc/rtc.o
 .debug_macro   0x00000000       0x16 src/ASF/xmega/drivers/rtc/rtc.o
 .debug_macro   0x00000000      0x6e0 src/ASF/xmega/drivers/rtc/rtc.o
 .debug_macro   0x00000000       0x10 src/ASF/xmega/drivers/rtc/rtc.o
 .debug_macro   0x00000000      0x175 src/ASF/xmega/drivers/rtc/rtc.o
 .debug_macro   0x00000000       0x40 src/ASF/xmega/drivers/rtc/rtc.o
 .debug_macro   0x00000000       0x69 src/ASF/xmega/drivers/rtc/rtc.o
 .debug_macro   0x00000000       0x32 src/ASF/xmega/drivers/rtc/rtc.o
 .debug_macro   0x00000000       0xe4 src/ASF/xmega/drivers/rtc/rtc.o
 .debug_macro   0x00000000       0x10 src/ASF/xmega/drivers/rtc/rtc.o
 .debug_macro   0x00000000      0x1f8 src/ASF/xmega/drivers/rtc/rtc.o
 .debug_macro   0x00000000      0x17a src/ASF/xmega/drivers/rtc/rtc.o
 .debug_macro   0x00000000       0x82 src/ASF/xmega/drivers/rtc/rtc.o
 .debug_macro   0x00000000       0x2f src/ASF/xmega/drivers/rtc/rtc.o
 .debug_macro   0x00000000      0x154 src/ASF/xmega/drivers/rtc/rtc.o
 .debug_macro   0x00000000       0x10 src/ASF/xmega/drivers/rtc/rtc.o
 .debug_macro   0x00000000       0x5e src/ASF/xmega/drivers/rtc/rtc.o
 .group         0x00000000        0x8 src/rtc_example.o
 .group         0x00000000        0x8 src/rtc_example.o
 .group         0x00000000        0x8 src/rtc_example.o
 .group         0x00000000        0x8 src/rtc_example.o
 .group         0x00000000        0x8 src/rtc_example.o
 .group         0x00000000        0x8 src/rtc_example.o
 .group         0x00000000        0x8 src/rtc_example.o
 .group         0x00000000        0x8 src/rtc_example.o
 .group         0x00000000        0x8 src/rtc_example.o
 .group         0x00000000        0x8 src/rtc_example.o
 .group         0x00000000        0x8 src/rtc_example.o
 .group         0x00000000        0x8 src/rtc_example.o
 .group         0x00000000        0x8 src/rtc_example.o
 .group         0x00000000        0x8 src/rtc_example.o
 .group         0x00000000        0x8 src/rtc_example.o
 .group         0x00000000        0x8 src/rtc_example.o
 .group         0x00000000        0x8 src/rtc_example.o
 .group         0x00000000        0x8 src/rtc_example.o
 .group         0x00000000        0x8 src/rtc_example.o
 .group         0x00000000        0x8 src/rtc_example.o
 .group         0x00000000        0x8 src/rtc_example.o
 .group         0x00000000        0x8 src/rtc_example.o
 .group         0x00000000        0x8 src/rtc_example.o
 .group         0x00000000        0x8 src/rtc_example.o
 .group         0x00000000        0x8 src/rtc_example.o
 .group         0x00000000        0x8 src/rtc_example.o
 .group         0x00000000        0x8 src/rtc_example.o
 .group         0x00000000        0x8 src/rtc_example.o
 .group         0x00000000        0x8 src/rtc_example.o
 .group         0x00000000        0x8 src/rtc_example.o
 .group         0x00000000        0x8 src/rtc_example.o
 .group         0x00000000        0x8 src/rtc_example.o
 .group         0x00000000        0x8 src/rtc_example.o
 .group         0x00000000        0x8 src/rtc_example.o
 .group         0x00000000        0x8 src/rtc_example.o
 .group         0x00000000        0x8 src/rtc_example.o
 .group         0x00000000        0x8 src/rtc_example.o
 .group         0x00000000        0x8 src/rtc_example.o
 .group         0x00000000        0x8 src/rtc_example.o
 .group         0x00000000        0x8 src/rtc_example.o
 .group         0x00000000        0x8 src/rtc_example.o
 .group         0x00000000        0x8 src/rtc_example.o
 .group         0x00000000        0x8 src/rtc_example.o
 .group         0x00000000        0x8 src/rtc_example.o
 .group         0x00000000        0x8 src/rtc_example.o
 .text          0x00000000        0x0 src/rtc_example.o
 .bss           0x00000000        0x0 src/rtc_example.o
 .debug_macro   0x00000000      0xa6c src/rtc_example.o
 .debug_macro   0x00000000       0x10 src/rtc_example.o
 .debug_macro   0x00000000      0x1ad src/rtc_example.o
 .debug_macro   0x00000000      0x293 src/rtc_example.o
 .debug_macro   0x00000000       0x9e src/rtc_example.o
 .debug_macro   0x00000000     0x5272 src/rtc_example.o
 .debug_macro   0x00000000       0x9a src/rtc_example.o
 .debug_macro   0x00000000       0xf1 src/rtc_example.o
 .debug_macro   0x00000000       0x34 src/rtc_example.o
 .debug_macro   0x00000000       0x10 src/rtc_example.o
 .debug_macro   0x00000000       0x18 src/rtc_example.o
 .debug_macro   0x00000000       0x5e src/rtc_example.o
 .debug_macro   0x00000000       0x10 src/rtc_example.o
 .debug_macro   0x00000000       0x22 src/rtc_example.o
 .debug_macro   0x00000000      0x166 src/rtc_example.o
 .debug_macro   0x00000000       0x1c src/rtc_example.o
 .debug_macro   0x00000000       0x35 src/rtc_example.o
 .debug_macro   0x00000000       0x66 src/rtc_example.o
 .debug_macro   0x00000000      0x373 src/rtc_example.o
 .debug_macro   0x00000000       0x97 src/rtc_example.o
 .debug_macro   0x00000000       0x17 src/rtc_example.o
 .debug_macro   0x00000000      0x250 src/rtc_example.o
 .debug_macro   0x00000000       0x76 src/rtc_example.o
 .debug_macro   0x00000000       0x16 src/rtc_example.o
 .debug_macro   0x00000000      0x6e0 src/rtc_example.o
 .debug_macro   0x00000000       0x10 src/rtc_example.o
 .debug_macro   0x00000000      0x175 src/rtc_example.o
 .debug_macro   0x00000000       0x40 src/rtc_example.o
 .debug_macro   0x00000000       0x69 src/rtc_example.o
 .debug_macro   0x00000000       0x32 src/rtc_example.o
 .debug_macro   0x00000000       0xe4 src/rtc_example.o
 .debug_macro   0x00000000      0x1f8 src/rtc_example.o
 .debug_macro   0x00000000      0x17a src/rtc_example.o
 .debug_macro   0x00000000       0x9a src/rtc_example.o
 .debug_macro   0x00000000      0x109 src/rtc_example.o
 .debug_macro   0x00000000       0x10 src/rtc_example.o
 .debug_macro   0x00000000       0x5e src/rtc_example.o
 .debug_macro   0x00000000       0x10 src/rtc_example.o
 .debug_macro   0x00000000       0x10 src/rtc_example.o
 .debug_macro   0x00000000       0x82 src/rtc_example.o
 .debug_macro   0x00000000       0x2f src/rtc_example.o
 .debug_macro   0x00000000      0x154 src/rtc_example.o
 .text          0x00000000        0x0 c:/program files (x86)/atmel/atmel toolchain/avr8 gcc/native/3.4.1056/avr8-gnu-toolchain/bin/../lib/gcc/avr/4.8.1/avrxmega7\libgcc.a(_udivmodsi4.o)
 .bss           0x00000000        0x0 c:/program files (x86)/atmel/atmel toolchain/avr8 gcc/native/3.4.1056/avr8-gnu-toolchain/bin/../lib/gcc/avr/4.8.1/avrxmega7\libgcc.a(_udivmodsi4.o)
 .text.libgcc.mul
                0x00000000        0x0 c:/program files (x86)/atmel/atmel toolchain/avr8 gcc/native/3.4.1056/avr8-gnu-toolchain/bin/../lib/gcc/avr/4.8.1/avrxmega7\libgcc.a(_udivmodsi4.o)
 .text.libgcc   0x00000000        0x0 c:/program files (x86)/atmel/atmel toolchain/avr8 gcc/native/3.4.1056/avr8-gnu-toolchain/bin/../lib/gcc/avr/4.8.1/avrxmega7\libgcc.a(_udivmodsi4.o)
 .text.libgcc.prologue
                0x00000000        0x0 c:/program files (x86)/atmel/atmel toolchain/avr8 gcc/native/3.4.1056/avr8-gnu-toolchain/bin/../lib/gcc/avr/4.8.1/avrxmega7\libgcc.a(_udivmodsi4.o)
 .text.libgcc.builtins
                0x00000000        0x0 c:/program files (x86)/atmel/atmel toolchain/avr8 gcc/native/3.4.1056/avr8-gnu-toolchain/bin/../lib/gcc/avr/4.8.1/avrxmega7\libgcc.a(_udivmodsi4.o)
 .text.libgcc.fmul
                0x00000000        0x0 c:/program files (x86)/atmel/atmel toolchain/avr8 gcc/native/3.4.1056/avr8-gnu-toolchain/bin/../lib/gcc/avr/4.8.1/avrxmega7\libgcc.a(_udivmodsi4.o)
 .text.libgcc.fixed
                0x00000000        0x0 c:/program files (x86)/atmel/atmel toolchain/avr8 gcc/native/3.4.1056/avr8-gnu-toolchain/bin/../lib/gcc/avr/4.8.1/avrxmega7\libgcc.a(_udivmodsi4.o)
 .text          0x00000000        0x0 c:/program files (x86)/atmel/atmel toolchain/avr8 gcc/native/3.4.1056/avr8-gnu-toolchain/bin/../lib/gcc/avr/4.8.1/avrxmega7\libgcc.a(_exit.o)
 .bss           0x00000000        0x0 c:/program files (x86)/atmel/atmel toolchain/avr8 gcc/native/3.4.1056/avr8-gnu-toolchain/bin/../lib/gcc/avr/4.8.1/avrxmega7\libgcc.a(_exit.o)
 .text.libgcc.mul
                0x00000000        0x0 c:/program files (x86)/atmel/atmel toolchain/avr8 gcc/native/3.4.1056/avr8-gnu-toolchain/bin/../lib/gcc/avr/4.8.1/avrxmega7\libgcc.a(_exit.o)
 .text.libgcc.div
                0x00000000        0x0 c:/program files (x86)/atmel/atmel toolchain/avr8 gcc/native/3.4.1056/avr8-gnu-toolchain/bin/../lib/gcc/avr/4.8.1/avrxmega7\libgcc.a(_exit.o)
 .text.libgcc   0x00000000        0x0 c:/program files (x86)/atmel/atmel toolchain/avr8 gcc/native/3.4.1056/avr8-gnu-toolchain/bin/../lib/gcc/avr/4.8.1/avrxmega7\libgcc.a(_exit.o)
 .text.libgcc.prologue
                0x00000000        0x0 c:/program files (x86)/atmel/atmel toolchain/avr8 gcc/native/3.4.1056/avr8-gnu-toolchain/bin/../lib/gcc/avr/4.8.1/avrxmega7\libgcc.a(_exit.o)
 .text.libgcc.builtins
                0x00000000        0x0 c:/program files (x86)/atmel/atmel toolchain/avr8 gcc/native/3.4.1056/avr8-gnu-toolchain/bin/../lib/gcc/avr/4.8.1/avrxmega7\libgcc.a(_exit.o)
 .text.libgcc.fmul
                0x00000000        0x0 c:/program files (x86)/atmel/atmel toolchain/avr8 gcc/native/3.4.1056/avr8-gnu-toolchain/bin/../lib/gcc/avr/4.8.1/avrxmega7\libgcc.a(_exit.o)
 .text.libgcc.fixed
                0x00000000        0x0 c:/program files (x86)/atmel/atmel toolchain/avr8 gcc/native/3.4.1056/avr8-gnu-toolchain/bin/../lib/gcc/avr/4.8.1/avrxmega7\libgcc.a(_exit.o)
 .text          0x00000000        0x0 c:/program files (x86)/atmel/atmel toolchain/avr8 gcc/native/3.4.1056/avr8-gnu-toolchain/bin/../lib/gcc/avr/4.8.1/avrxmega7\libgcc.a(_copy_data.o)
 .bss           0x00000000        0x0 c:/program files (x86)/atmel/atmel toolchain/avr8 gcc/native/3.4.1056/avr8-gnu-toolchain/bin/../lib/gcc/avr/4.8.1/avrxmega7\libgcc.a(_copy_data.o)
 .text.libgcc.mul
                0x00000000        0x0 c:/program files (x86)/atmel/atmel toolchain/avr8 gcc/native/3.4.1056/avr8-gnu-toolchain/bin/../lib/gcc/avr/4.8.1/avrxmega7\libgcc.a(_copy_data.o)
 .text.libgcc.div
                0x00000000        0x0 c:/program files (x86)/atmel/atmel toolchain/avr8 gcc/native/3.4.1056/avr8-gnu-toolchain/bin/../lib/gcc/avr/4.8.1/avrxmega7\libgcc.a(_copy_data.o)
 .text.libgcc   0x00000000        0x0 c:/program files (x86)/atmel/atmel toolchain/avr8 gcc/native/3.4.1056/avr8-gnu-toolchain/bin/../lib/gcc/avr/4.8.1/avrxmega7\libgcc.a(_copy_data.o)
 .text.libgcc.prologue
                0x00000000        0x0 c:/program files (x86)/atmel/atmel toolchain/avr8 gcc/native/3.4.1056/avr8-gnu-toolchain/bin/../lib/gcc/avr/4.8.1/avrxmega7\libgcc.a(_copy_data.o)
 .text.libgcc.builtins
                0x00000000        0x0 c:/program files (x86)/atmel/atmel toolchain/avr8 gcc/native/3.4.1056/avr8-gnu-toolchain/bin/../lib/gcc/avr/4.8.1/avrxmega7\libgcc.a(_copy_data.o)
 .text.libgcc.fmul
                0x00000000        0x0 c:/program files (x86)/atmel/atmel toolchain/avr8 gcc/native/3.4.1056/avr8-gnu-toolchain/bin/../lib/gcc/avr/4.8.1/avrxmega7\libgcc.a(_copy_data.o)
 .text.libgcc.fixed
                0x00000000        0x0 c:/program files (x86)/atmel/atmel toolchain/avr8 gcc/native/3.4.1056/avr8-gnu-toolchain/bin/../lib/gcc/avr/4.8.1/avrxmega7\libgcc.a(_copy_data.o)
 .text          0x00000000        0x0 c:/program files (x86)/atmel/atmel toolchain/avr8 gcc/native/3.4.1056/avr8-gnu-toolchain/bin/../lib/gcc/avr/4.8.1/avrxmega7\libgcc.a(_clear_bss.o)
 .bss           0x00000000        0x0 c:/program files (x86)/atmel/atmel toolchain/avr8 gcc/native/3.4.1056/avr8-gnu-toolchain/bin/../lib/gcc/avr/4.8.1/avrxmega7\libgcc.a(_clear_bss.o)
 .text.libgcc.mul
                0x00000000        0x0 c:/program files (x86)/atmel/atmel toolchain/avr8 gcc/native/3.4.1056/avr8-gnu-toolchain/bin/../lib/gcc/avr/4.8.1/avrxmega7\libgcc.a(_clear_bss.o)
 .text.libgcc.div
                0x00000000        0x0 c:/program files (x86)/atmel/atmel toolchain/avr8 gcc/native/3.4.1056/avr8-gnu-toolchain/bin/../lib/gcc/avr/4.8.1/avrxmega7\libgcc.a(_clear_bss.o)
 .text.libgcc   0x00000000        0x0 c:/program files (x86)/atmel/atmel toolchain/avr8 gcc/native/3.4.1056/avr8-gnu-toolchain/bin/../lib/gcc/avr/4.8.1/avrxmega7\libgcc.a(_clear_bss.o)
 .text.libgcc.prologue
                0x00000000        0x0 c:/program files (x86)/atmel/atmel toolchain/avr8 gcc/native/3.4.1056/avr8-gnu-toolchain/bin/../lib/gcc/avr/4.8.1/avrxmega7\libgcc.a(_clear_bss.o)
 .text.libgcc.builtins
                0x00000000        0x0 c:/program files (x86)/atmel/atmel toolchain/avr8 gcc/native/3.4.1056/avr8-gnu-toolchain/bin/../lib/gcc/avr/4.8.1/avrxmega7\libgcc.a(_clear_bss.o)
 .text.libgcc.fmul
                0x00000000        0x0 c:/program files (x86)/atmel/atmel toolchain/avr8 gcc/native/3.4.1056/avr8-gnu-toolchain/bin/../lib/gcc/avr/4.8.1/avrxmega7\libgcc.a(_clear_bss.o)
 .text.libgcc.fixed
                0x00000000        0x0 c:/program files (x86)/atmel/atmel toolchain/avr8 gcc/native/3.4.1056/avr8-gnu-toolchain/bin/../lib/gcc/avr/4.8.1/avrxmega7\libgcc.a(_clear_bss.o)

Memory Configuration

Name             Origin             Length             Attributes
text             0x00000000         0x00100000         xr
data             0x00802000         0x0000ffa0         rw !x
eeprom           0x00810000         0x00010000         rw !x
fuse             0x00820000         0x00000400         rw !x
lock             0x00830000         0x00000400         rw !x
signature        0x00840000         0x00000400         rw !x
user_signatures  0x00850000         0x00000400         rw !x
*default*        0x00000000         0xffffffff

Linker script and memory map

LOAD c:/program files (x86)/atmel/atmel toolchain/avr8 gcc/native/3.4.1056/avr8-gnu-toolchain/bin/../lib/gcc/avr/4.8.1/../../../../avr/lib/avrxmega7/crtx128a1.o
LOAD src/ASF/common/services/clock/xmega/sysclk.o
LOAD src/ASF/common/services/ioport/xmega/ioport_compat.o
LOAD src/ASF/common/services/sleepmgr/xmega/sleepmgr.o
LOAD src/ASF/xmega/boards/xmega_a1_xplained/init.o
LOAD src/ASF/xmega/drivers/cpu/ccp.o
LOAD src/ASF/xmega/drivers/rtc/rtc.o
LOAD src/rtc_example.o
START GROUP
LOAD c:/program files (x86)/atmel/atmel toolchain/avr8 gcc/native/3.4.1056/avr8-gnu-toolchain/bin/../lib/gcc/avr/4.8.1/../../../../avr/lib/avrxmega7\libm.a
END GROUP
Address of section .BOOT set to 0x20000
START GROUP
LOAD c:/program files (x86)/atmel/atmel toolchain/avr8 gcc/native/3.4.1056/avr8-gnu-toolchain/bin/../lib/gcc/avr/4.8.1/avrxmega7\libgcc.a
LOAD c:/program files (x86)/atmel/atmel toolchain/avr8 gcc/native/3.4.1056/avr8-gnu-toolchain/bin/../lib/gcc/avr/4.8.1/../../../../avr/lib/avrxmega7\libm.a
LOAD c:/program files (x86)/atmel/atmel toolchain/avr8 gcc/native/3.4.1056/avr8-gnu-toolchain/bin/../lib/gcc/avr/4.8.1/../../../../avr/lib/avrxmega7\libc.a
END GROUP

.hash
 *(.hash)

.dynsym
 *(.dynsym)

.dynstr
 *(.dynstr)

.gnu.version
 *(.gnu.version)

.gnu.version_d
 *(.gnu.version_d)

.gnu.version_r
 *(.gnu.version_r)

.rel.init
 *(.rel.init)

.rela.init
 *(.rela.init)

.rel.text
 *(.rel.text)
 *(.rel.text.*)
 *(.rel.gnu.linkonce.t*)

.rela.text
 *(.rela.text)
 *(.rela.text.*)
 *(.rela.gnu.linkonce.t*)

.rel.fini
 *(.rel.fini)

.rela.fini
 *(.rela.fini)

.rel.rodata
 *(.rel.rodata)
 *(.rel.rodata.*)
 *(.rel.gnu.linkonce.r*)

.rela.rodata
 *(.rela.rodata)
 *(.rela.rodata.*)
 *(.rela.gnu.linkonce.r*)

.rel.data
 *(.rel.data)
 *(.rel.data.*)
 *(.rel.gnu.linkonce.d*)

.rela.data
 *(.rela.data)
 *(.rela.data.*)
 *(.rela.gnu.linkonce.d*)

.rel.ctors
 *(.rel.ctors)

.rela.ctors
 *(.rela.ctors)

.rel.dtors
 *(.rel.dtors)

.rela.dtors
 *(.rela.dtors)

.rel.got
 *(.rel.got)

.rela.got
 *(.rela.got)

.rel.bss
 *(.rel.bss)

.rela.bss
 *(.rela.bss)

.rel.plt
 *(.rel.plt)

.rela.plt
 *(.rela.plt)

.text           0x00000000      0x6ec
 *(.vectors)
 .vectors       0x00000000      0x1f4 c:/program files (x86)/atmel/atmel toolchain/avr8 gcc/native/3.4.1056/avr8-gnu-toolchain/bin/../lib/gcc/avr/4.8.1/../../../../avr/lib/avrxmega7/crtx128a1.o
                0x00000000                __vector_default
                0x00000000                __vectors
 *(.vectors)
 *(.progmem.gcc*)
                0x000001f4                . = ALIGN (0x2)
                0x000001f4                __trampolines_start = .
 *(.trampolines)
 .trampolines   0x000001f4        0x0 linker stubs
 *(.trampolines*)
                0x000001f4                __trampolines_end = .
 *(.progmem*)
                0x000001f4                . = ALIGN (0x2)
 *(.jumptables)
 *(.jumptables*)
 *(.lowtext)
 *(.lowtext*)
                0x000001f4                __ctors_start = .
 *(.ctors)
                0x000001f4                __ctors_end = .
                0x000001f4                __dtors_start = .
 *(.dtors)
                0x000001f4                __dtors_end = .
 SORT(*)(.ctors)
 SORT(*)(.dtors)
 *(.init0)
 .init0         0x000001f4        0x0 c:/program files (x86)/atmel/atmel toolchain/avr8 gcc/native/3.4.1056/avr8-gnu-toolchain/bin/../lib/gcc/avr/4.8.1/../../../../avr/lib/avrxmega7/crtx128a1.o
                0x000001f4                __init
 *(.init0)
 *(.init1)
 *(.init1)
 *(.init2)
 .init2         0x000001f4       0x18 c:/program files (x86)/atmel/atmel toolchain/avr8 gcc/native/3.4.1056/avr8-gnu-toolchain/bin/../lib/gcc/avr/4.8.1/../../../../avr/lib/avrxmega7/crtx128a1.o
 *(.init2)
 *(.init3)
 *(.init3)
 *(.init4)
 .init4         0x0000020c       0x1c c:/program files (x86)/atmel/atmel toolchain/avr8 gcc/native/3.4.1056/avr8-gnu-toolchain/bin/../lib/gcc/avr/4.8.1/avrxmega7\libgcc.a(_copy_data.o)
                0x0000020c                __do_copy_data
 .init4         0x00000228       0x10 c:/program files (x86)/atmel/atmel toolchain/avr8 gcc/native/3.4.1056/avr8-gnu-toolchain/bin/../lib/gcc/avr/4.8.1/avrxmega7\libgcc.a(_clear_bss.o)
                0x00000228                __do_clear_bss
 *(.init4)
 *(.init5)
 *(.init5)
 *(.init6)
 *(.init6)
 *(.init7)
 *(.init7)
 *(.init8)
 *(.init8)
 *(.init9)
 .init9         0x00000238        0x4 c:/program files (x86)/atmel/atmel toolchain/avr8 gcc/native/3.4.1056/avr8-gnu-toolchain/bin/../lib/gcc/avr/4.8.1/../../../../avr/lib/avrxmega7/crtx128a1.o
 *(.init9)
 *(.text)
 .text          0x0000023c        0x2 c:/program files (x86)/atmel/atmel toolchain/avr8 gcc/native/3.4.1056/avr8-gnu-toolchain/bin/../lib/gcc/avr/4.8.1/../../../../avr/lib/avrxmega7/crtx128a1.o
                0x0000023c                __vector_38
                0x0000023c                __vector_104
                0x0000023c                __vector_22
                0x0000023c                __vector_63
                0x0000023c                __vector_28
                0x0000023c                __vector_67
                0x0000023c                __vector_1
                0x0000023c                __vector_119
                0x0000023c                __vector_32
                0x0000023c                __vector_75
                0x0000023c                __vector_71
                0x0000023c                __vector_91
                0x0000023c                __vector_34
                0x0000023c                __vector_62
                0x0000023c                __vector_77
                0x0000023c                __vector_102
                0x0000023c                __vector_24
                0x0000023c                __vector_12
                0x0000023c                __vector_55
                0x0000023c                __vector_69
                0x0000023c                __vector_81
                0x0000023c                __vector_90
                0x0000023c                __vector_46
                0x0000023c                __bad_interrupt
                0x0000023c                __vector_122
                0x0000023c                __vector_72
                0x0000023c                __vector_114
                0x0000023c                __vector_6
                0x0000023c                __vector_110
                0x0000023c                __vector_31
                0x0000023c                __vector_92
                0x0000023c                __vector_35
                0x0000023c                __vector_78
                0x0000023c                __vector_74
                0x0000023c                __vector_117
                0x0000023c                __vector_39
                0x0000023c                __vector_107
                0x0000023c                __vector_3
                0x0000023c                __vector_105
                0x0000023c                __vector_98
                0x0000023c                __vector_23
                0x0000023c                __vector_68
                0x0000023c                __vector_30
                0x0000023c                __vector_73
                0x0000023c                __vector_45
                0x0000023c                __vector_25
                0x0000023c                __vector_93
                0x0000023c                __vector_61
                0x0000023c                __vector_54
                0x0000023c                __vector_99
                0x0000023c                __vector_13
                0x0000023c                __vector_17
                0x0000023c                __vector_19
                0x0000023c                __vector_56
                0x0000023c                __vector_7
                0x0000023c                __vector_49
                0x0000023c                __vector_123
                0x0000023c                __vector_41
                0x0000023c                __vector_86
                0x0000023c                __vector_100
                0x0000023c                __vector_101
                0x0000023c                __vector_64
                0x0000023c                __vector_88
                0x0000023c                __vector_109
                0x0000023c                __vector_43
                0x0000023c                __vector_27
                0x0000023c                __vector_5
                0x0000023c                __vector_113
                0x0000023c                __vector_33
                0x0000023c                __vector_76
                0x0000023c                __vector_115
                0x0000023c                __vector_47
                0x0000023c                __vector_52
                0x0000023c                __vector_37
                0x0000023c                __vector_95
                0x0000023c                __vector_103
                0x0000023c                __vector_96
                0x0000023c                __vector_89
                0x0000023c                __vector_108
                0x0000023c                __vector_4
                0x0000023c                __vector_44
                0x0000023c                __vector_82
                0x0000023c                __vector_106
                0x0000023c                __vector_118
                0x0000023c                __vector_51
                0x0000023c                __vector_9
                0x0000023c                __vector_2
                0x0000023c                __vector_21
                0x0000023c                __vector_15
                0x0000023c                __vector_66
                0x0000023c                __vector_36
                0x0000023c                __vector_79
                0x0000023c                __vector_58
                0x0000023c                __vector_70
                0x0000023c                __vector_83
                0x0000023c                __vector_29
                0x0000023c                __vector_60
                0x0000023c                __vector_121
                0x0000023c                __vector_40
                0x0000023c                __vector_85
                0x0000023c                __vector_94
                0x0000023c                __vector_8
                0x0000023c                __vector_26
                0x0000023c                __vector_48
                0x0000023c                __vector_124
                0x0000023c                __vector_116
                0x0000023c                __vector_112
                0x0000023c                __vector_111
                0x0000023c                __vector_80
                0x0000023c                __vector_14
                0x0000023c                __vector_84
                0x0000023c                __vector_57
                0x0000023c                __vector_53
                0x0000023c                __vector_50
                0x0000023c                __vector_16
                0x0000023c                __vector_59
                0x0000023c                __vector_18
                0x0000023c                __vector_97
                0x0000023c                __vector_20
                0x0000023c                __vector_42
                0x0000023c                __vector_87
                0x0000023c                __vector_65
                0x0000023c                __vector_120
                0x0000023e                . = ALIGN (0x2)
 *(.text.*)
 .text.sysclk_init
                0x0000023e       0x28 src/ASF/common/services/clock/xmega/sysclk.o
                0x0000023e                sysclk_init
 .text.sysclk_enable_module
                0x00000266       0x18 src/ASF/common/services/clock/xmega/sysclk.o
                0x00000266                sysclk_enable_module
 .text.ioport_configure_port_pin
                0x0000027e       0x50 src/ASF/common/services/ioport/xmega/ioport_compat.o
                0x0000027e                ioport_configure_port_pin
 .text.board_init
                0x000002ce       0xc2 src/ASF/xmega/boards/xmega_a1_xplained/init.o
                0x000002ce                board_init
 .text.rtc_get_time
                0x00000390       0x56 src/ASF/xmega/drivers/rtc/rtc.o
                0x00000390                rtc_get_time
 .text.rtc_set_alarm
                0x000003e6       0x30 src/ASF/xmega/drivers/rtc/rtc.o
                0x000003e6                rtc_set_alarm
 .text.rtc_set_callback
                0x00000416        0xa src/ASF/xmega/drivers/rtc/rtc.o
                0x00000416                rtc_set_callback
 .text.rtc_init
                0x00000420       0x34 src/ASF/xmega/drivers/rtc/rtc.o
                0x00000420                rtc_init
 .text.__vector_10
                0x00000454       0x46 src/ASF/xmega/drivers/rtc/rtc.o
                0x00000454                __vector_10
 .text.__vector_11
                0x0000049a      0x10c src/ASF/xmega/drivers/rtc/rtc.o
                0x0000049a                __vector_11
 .text.alarm    0x000005a6       0x7e src/rtc_example.o
 .text.main     0x00000624       0x80 src/rtc_example.o
                0x00000624                main
 .text.libgcc.div
                0x000006a4       0x44 c:/program files (x86)/atmel/atmel toolchain/avr8 gcc/native/3.4.1056/avr8-gnu-toolchain/bin/../lib/gcc/avr/4.8.1/avrxmega7\libgcc.a(_udivmodsi4.o)
                0x000006a4                __udivmodsi4
                0x000006e8                . = ALIGN (0x2)
 *(.fini9)
 .fini9         0x000006e8        0x0 c:/program files (x86)/atmel/atmel toolchain/avr8 gcc/native/3.4.1056/avr8-gnu-toolchain/bin/../lib/gcc/avr/4.8.1/avrxmega7\libgcc.a(_exit.o)
                0x000006e8                _exit
                0x000006e8                exit
 *(.fini9)
 *(.fini8)
 *(.fini8)
 *(.fini7)
 *(.fini7)
 *(.fini6)
 *(.fini6)
 *(.fini5)
 *(.fini5)
 *(.fini4)
 *(.fini4)
 *(.fini3)
 *(.fini3)
 *(.fini2)
 *(.fini2)
 *(.fini1)
 *(.fini1)
 *(.fini0)
 .fini0         0x000006e8        0x4 c:/program files (x86)/atmel/atmel toolchain/avr8 gcc/native/3.4.1056/avr8-gnu-toolchain/bin/../lib/gcc/avr/4.8.1/avrxmega7\libgcc.a(_exit.o)
 *(.fini0)
                0x000006ec                _etext = .

.data           0x00802000        0x6 load address 0x000006ec
                0x00802000                PROVIDE (__data_start, .)
 *(.data)
 .data          0x00802000        0x0 c:/program files (x86)/atmel/atmel toolchain/avr8 gcc/native/3.4.1056/avr8-gnu-toolchain/bin/../lib/gcc/avr/4.8.1/../../../../avr/lib/avrxmega7/crtx128a1.o
 .data          0x00802000        0x0 src/ASF/common/services/clock/xmega/sysclk.o
 .data          0x00802000        0x0 src/ASF/common/services/ioport/xmega/ioport_compat.o
 .data          0x00802000        0x0 src/ASF/common/services/sleepmgr/xmega/sleepmgr.o
 .data          0x00802000        0x0 src/ASF/xmega/boards/xmega_a1_xplained/init.o
 .data          0x00802000        0x0 src/ASF/xmega/drivers/cpu/ccp.o
 .data          0x00802000        0x0 src/ASF/xmega/drivers/rtc/rtc.o
 .data          0x00802000        0x0 src/rtc_example.o
 .data          0x00802000        0x0 c:/program files (x86)/atmel/atmel toolchain/avr8 gcc/native/3.4.1056/avr8-gnu-toolchain/bin/../lib/gcc/avr/4.8.1/avrxmega7\libgcc.a(_udivmodsi4.o)
 .data          0x00802000        0x0 c:/program files (x86)/atmel/atmel toolchain/avr8 gcc/native/3.4.1056/avr8-gnu-toolchain/bin/../lib/gcc/avr/4.8.1/avrxmega7\libgcc.a(_exit.o)
 .data          0x00802000        0x0 c:/program files (x86)/atmel/atmel toolchain/avr8 gcc/native/3.4.1056/avr8-gnu-toolchain/bin/../lib/gcc/avr/4.8.1/avrxmega7\libgcc.a(_copy_data.o)
 .data          0x00802000        0x0 c:/program files (x86)/atmel/atmel toolchain/avr8 gcc/native/3.4.1056/avr8-gnu-toolchain/bin/../lib/gcc/avr/4.8.1/avrxmega7\libgcc.a(_clear_bss.o)
 *(.data*)
 .data.sleepmgr_configs
                0x00802000        0x6 src/ASF/common/services/sleepmgr/xmega/sleepmgr.o
                0x00802000                sleepmgr_configs
 *(.rodata)
 *(.rodata*)
 *(.gnu.linkonce.d*)
                0x00802006                . = ALIGN (0x2)
                0x00802006                _edata = .
                0x00802006                PROVIDE (__data_end, .)

.bss            0x00802006        0xe
                0x00802006                PROVIDE (__bss_start, .)
 *(.bss)
 *(.bss*)
 *(COMMON)
 COMMON         0x00802006        0x6 src/ASF/common/services/sleepmgr/xmega/sleepmgr.o
                0x00802006                sleepmgr_locks
 COMMON         0x0080200c        0x8 src/ASF/xmega/drivers/rtc/rtc.o
                0x0080200c                rtc_data
                0x00802014                PROVIDE (__bss_end, .)
                0x000006ec                __data_load_start = LOADADDR (.data)
                0x000006f2                __data_load_end = (__data_load_start + SIZEOF (.data))

.noinit         0x00802014        0x0
                0x00802014                PROVIDE (__noinit_start, .)
 *(.noinit*)
                0x00802014                PROVIDE (__noinit_end, .)
                0x00802014                _end = .
                0x00802014                PROVIDE (__heap_start, .)

.eeprom         0x00810000        0x0
 *(.eeprom*)
                0x00810000                __eeprom_end = .

.fuse
 *(.fuse)
 *(.lfuse)
 *(.hfuse)
 *(.efuse)

.lock
 *(.lock*)

.signature
 *(.signature*)

.user_signatures
 *(.user_signatures*)

.stab
 *(.stab)

.stabstr
 *(.stabstr)

.stab.excl
 *(.stab.excl)

.stab.exclstr
 *(.stab.exclstr)

.stab.index
 *(.stab.index)

.stab.indexstr
 *(.stab.indexstr)

.comment        0x00000000       0x30
 *(.comment)
 .comment       0x00000000       0x30 src/ASF/common/services/clock/xmega/sysclk.o
                                 0x31 (size before relaxing)
 .comment       0x00000000       0x31 src/ASF/common/services/ioport/xmega/ioport_compat.o
 .comment       0x00000000       0x31 src/ASF/common/services/sleepmgr/xmega/sleepmgr.o
 .comment       0x00000000       0x31 src/ASF/xmega/boards/xmega_a1_xplained/init.o
 .comment       0x00000000       0x31 src/ASF/xmega/drivers/rtc/rtc.o
 .comment       0x00000000       0x31 src/rtc_example.o

.note.gnu.build-id
 *(.note.gnu.build-id)

.debug
 *(.debug)

.line
 *(.line)

.debug_srcinfo
 *(.debug_srcinfo)

.debug_sfnames
 *(.debug_sfnames)

.debug_aranges  0x00000000      0x128
 *(.debug_aranges)
 .debug_aranges
                0x00000000       0x30 src/ASF/common/services/clock/xmega/sysclk.o
 .debug_aranges
                0x00000030       0x20 src/ASF/common/services/ioport/xmega/ioport_compat.o
 .debug_aranges
                0x00000050       0x18 src/ASF/common/services/sleepmgr/xmega/sleepmgr.o
 .debug_aranges
                0x00000068       0x20 src/ASF/xmega/boards/xmega_a1_xplained/init.o
 .debug_aranges
                0x00000088       0x20 src/ASF/xmega/drivers/cpu/ccp.o
 .debug_aranges
                0x000000a8       0x58 src/ASF/xmega/drivers/rtc/rtc.o
 .debug_aranges
                0x00000100       0x28 src/rtc_example.o

.debug_pubnames
 *(.debug_pubnames)

.debug_info     0x00000000     0x1d00
 *(.debug_info .gnu.linkonce.wi.*)
 .debug_info    0x00000000      0x581 src/ASF/common/services/clock/xmega/sysclk.o
 .debug_info    0x00000581      0x11d src/ASF/common/services/ioport/xmega/ioport_compat.o
 .debug_info    0x0000069e      0x121 src/ASF/common/services/sleepmgr/xmega/sleepmgr.o
 .debug_info    0x000007bf      0x7c9 src/ASF/xmega/boards/xmega_a1_xplained/init.o
 .debug_info    0x00000f88       0x80 src/ASF/xmega/drivers/cpu/ccp.o
 .debug_info    0x00001008      0x700 src/ASF/xmega/drivers/rtc/rtc.o
 .debug_info    0x00001708      0x5f8 src/rtc_example.o

.debug_abbrev   0x00000000      0x9f6
 *(.debug_abbrev)
 .debug_abbrev  0x00000000      0x206 src/ASF/common/services/clock/xmega/sysclk.o
 .debug_abbrev  0x00000206       0x93 src/ASF/common/services/ioport/xmega/ioport_compat.o
 .debug_abbrev  0x00000299       0x80 src/ASF/common/services/sleepmgr/xmega/sleepmgr.o
 .debug_abbrev  0x00000319      0x160 src/ASF/xmega/boards/xmega_a1_xplained/init.o
 .debug_abbrev  0x00000479       0x14 src/ASF/xmega/drivers/cpu/ccp.o
 .debug_abbrev  0x0000048d      0x2cd src/ASF/xmega/drivers/rtc/rtc.o
 .debug_abbrev  0x0000075a      0x29c src/rtc_example.o

.debug_line     0x00000000     0x22b5
 *(.debug_line .debug_line.* .debug_line_end)
 .debug_line    0x00000000      0x526 src/ASF/common/services/clock/xmega/sysclk.o
 .debug_line    0x00000526      0x48d src/ASF/common/services/ioport/xmega/ioport_compat.o
 .debug_line    0x000009b3      0x430 src/ASF/common/services/sleepmgr/xmega/sleepmgr.o
 .debug_line    0x00000de3      0x4b4 src/ASF/xmega/boards/xmega_a1_xplained/init.o
 .debug_line    0x00001297       0x6e src/ASF/xmega/drivers/cpu/ccp.o
 .debug_line    0x00001305      0x798 src/ASF/xmega/drivers/rtc/rtc.o
 .debug_line    0x00001a9d      0x818 src/rtc_example.o

.debug_frame    0x00000000      0x22c
 *(.debug_frame)
 .debug_frame   0x00000000       0x44 src/ASF/common/services/clock/xmega/sysclk.o
 .debug_frame   0x00000044       0x30 src/ASF/common/services/ioport/xmega/ioport_compat.o
 .debug_frame   0x00000074       0x24 src/ASF/xmega/boards/xmega_a1_xplained/init.o
 .debug_frame   0x00000098      0x124 src/ASF/xmega/drivers/rtc/rtc.o
 .debug_frame   0x000001bc       0x70 src/rtc_example.o

.debug_str      0x00000000    0x25634
 *(.debug_str)
 .debug_str     0x00000000    0x23f5a src/ASF/common/services/clock/xmega/sysclk.o
                              0x247ed (size before relaxing)
 .debug_str     0x00023f5a      0x6c9 src/ASF/common/services/ioport/xmega/ioport_compat.o
                              0x231c1 (size before relaxing)
 .debug_str     0x00024623      0x4bf src/ASF/common/services/sleepmgr/xmega/sleepmgr.o
                              0x22fb8 (size before relaxing)
 .debug_str     0x00024ae2      0x1cd src/ASF/xmega/boards/xmega_a1_xplained/init.o
                              0x24195 (size before relaxing)
 .debug_str     0x00024caf      0x3d7 src/ASF/xmega/drivers/rtc/rtc.o
                              0x24d13 (size before relaxing)
 .debug_str     0x00025086      0x5ae src/rtc_example.o
                              0x25576 (size before relaxing)

.debug_loc      0x00000000      0x6e3
 *(.debug_loc)
 .debug_loc     0x00000000      0x17d src/ASF/common/services/clock/xmega/sysclk.o
 .debug_loc     0x0000017d       0x66 src/ASF/common/services/ioport/xmega/ioport_compat.o
 .debug_loc     0x000001e3      0x279 src/ASF/xmega/drivers/rtc/rtc.o
 .debug_loc     0x0000045c      0x287 src/rtc_example.o

.debug_macinfo
 *(.debug_macinfo)

.debug_weaknames
 *(.debug_weaknames)

.debug_funcnames
 *(.debug_funcnames)

.debug_typenames
 *(.debug_typenames)

.debug_varnames
 *(.debug_varnames)

.debug_pubtypes
 *(.debug_pubtypes)

.debug_ranges   0x00000000       0xf0
 *(.debug_ranges)
 .debug_ranges  0x00000000       0x20 src/ASF/common/services/clock/xmega/sysclk.o
 .debug_ranges  0x00000020       0x10 src/ASF/common/services/ioport/xmega/ioport_compat.o
 .debug_ranges  0x00000030       0x10 src/ASF/xmega/boards/xmega_a1_xplained/init.o
 .debug_ranges  0x00000040       0x48 src/ASF/xmega/drivers/rtc/rtc.o
 .debug_ranges  0x00000088       0x68 src/rtc_example.o

.debug_macro    0x00000000     0x8d38
 *(.debug_macro)
 .debug_macro   0x00000000      0x1d2 src/ASF/common/services/clock/xmega/sysclk.o
 .debug_macro   0x000001d2      0xa6c src/ASF/common/services/clock/xmega/sysclk.o
 .debug_macro   0x00000c3e       0x10 src/ASF/common/services/clock/xmega/sysclk.o
 .debug_macro   0x00000c4e      0x1ad src/ASF/common/services/clock/xmega/sysclk.o
 .debug_macro   0x00000dfb      0x293 src/ASF/common/services/clock/xmega/sysclk.o
 .debug_macro   0x0000108e       0x9e src/ASF/common/services/clock/xmega/sysclk.o
 .debug_macro   0x0000112c     0x5272 src/ASF/common/services/clock/xmega/sysclk.o
 .debug_macro   0x0000639e       0x9a src/ASF/common/services/clock/xmega/sysclk.o
 .debug_macro   0x00006438       0xf1 src/ASF/common/services/clock/xmega/sysclk.o
 .debug_macro   0x00006529       0x34 src/ASF/common/services/clock/xmega/sysclk.o
 .debug_macro   0x0000655d       0x10 src/ASF/common/services/clock/xmega/sysclk.o
 .debug_macro   0x0000656d       0x18 src/ASF/common/services/clock/xmega/sysclk.o
 .debug_macro   0x00006585       0x5e src/ASF/common/services/clock/xmega/sysclk.o
 .debug_macro   0x000065e3       0x10 src/ASF/common/services/clock/xmega/sysclk.o
 .debug_macro   0x000065f3       0x22 src/ASF/common/services/clock/xmega/sysclk.o
 .debug_macro   0x00006615      0x166 src/ASF/common/services/clock/xmega/sysclk.o
 .debug_macro   0x0000677b       0x1c src/ASF/common/services/clock/xmega/sysclk.o
 .debug_macro   0x00006797       0x35 src/ASF/common/services/clock/xmega/sysclk.o
 .debug_macro   0x000067cc       0x66 src/ASF/common/services/clock/xmega/sysclk.o
 .debug_macro   0x00006832      0x373 src/ASF/common/services/clock/xmega/sysclk.o
 .debug_macro   0x00006ba5       0x97 src/ASF/common/services/clock/xmega/sysclk.o
 .debug_macro   0x00006c3c       0x17 src/ASF/common/services/clock/xmega/sysclk.o
 .debug_macro   0x00006c53      0x250 src/ASF/common/services/clock/xmega/sysclk.o
 .debug_macro   0x00006ea3       0x76 src/ASF/common/services/clock/xmega/sysclk.o
 .debug_macro   0x00006f19       0x16 src/ASF/common/services/clock/xmega/sysclk.o
 .debug_macro   0x00006f2f      0x6e0 src/ASF/common/services/clock/xmega/sysclk.o
 .debug_macro   0x0000760f       0x10 src/ASF/common/services/clock/xmega/sysclk.o
 .debug_macro   0x0000761f      0x175 src/ASF/common/services/clock/xmega/sysclk.o
 .debug_macro   0x00007794       0x40 src/ASF/common/services/clock/xmega/sysclk.o
 .debug_macro   0x000077d4       0x69 src/ASF/common/services/clock/xmega/sysclk.o
 .debug_macro   0x0000783d       0x32 src/ASF/common/services/clock/xmega/sysclk.o
 .debug_macro   0x0000786f       0xe4 src/ASF/common/services/clock/xmega/sysclk.o
 .debug_macro   0x00007953       0x10 src/ASF/common/services/clock/xmega/sysclk.o
 .debug_macro   0x00007963      0x1f8 src/ASF/common/services/clock/xmega/sysclk.o
 .debug_macro   0x00007b5b      0x17a src/ASF/common/services/clock/xmega/sysclk.o
 .debug_macro   0x00007cd5       0x82 src/ASF/common/services/clock/xmega/sysclk.o
 .debug_macro   0x00007d57       0x2f src/ASF/common/services/clock/xmega/sysclk.o
 .debug_macro   0x00007d86      0x154 src/ASF/common/services/clock/xmega/sysclk.o
 .debug_macro   0x00007eda      0x193 src/ASF/common/services/ioport/xmega/ioport_compat.o
 .debug_macro   0x0000806d       0x9a src/ASF/common/services/ioport/xmega/ioport_compat.o
 .debug_macro   0x00008107      0x109 src/ASF/common/services/ioport/xmega/ioport_compat.o
 .debug_macro   0x00008210      0x1a3 src/ASF/common/services/sleepmgr/xmega/sleepmgr.o
 .debug_macro   0x000083b3       0x10 src/ASF/common/services/sleepmgr/xmega/sleepmgr.o
 .debug_macro   0x000083c3       0x5e src/ASF/common/services/sleepmgr/xmega/sleepmgr.o
 .debug_macro   0x00008421      0x1b6 src/ASF/xmega/boards/xmega_a1_xplained/init.o
 .debug_macro   0x000085d7      0x1f2 src/ASF/xmega/boards/xmega_a1_xplained/init.o
 .debug_macro   0x000087c9      0x227 src/ASF/xmega/drivers/rtc/rtc.o
 .debug_macro   0x000089f0       0x10 src/ASF/xmega/drivers/rtc/rtc.o
 .debug_macro   0x00008a00      0x2a8 src/rtc_example.o
 .debug_macro   0x00008ca8       0x34 src/rtc_example.o
 .debug_macro   0x00008cdc       0x40 src/rtc_example.o
 .debug_macro   0x00008d1c       0x1c src/rtc_example.o
OUTPUT(RTC_EXAMPLE1.elf elf32-avr)
LOAD linker stubs

.BOOT           0x00020000        0x0
